/usr/local/lib/python3.10/dist-packages/google/api_core/_python_version_support.py:273: FutureWarning: You are using a Python version (3.10.12) which Google will stop supporting in new releases of google.api_core once it reaches its end of life (2026-10-04). Please upgrade to the latest Python version, or at least Python 3.11, to continue receiving updates for google.api_core past that date.
  warnings.warn(message, FutureWarning)
/usr/local/lib/python3.10/dist-packages/google/api_core/_python_version_support.py:273: FutureWarning: You are using a Python version (3.10.12) which Google will stop supporting in new releases of google.cloud.storage_control_v2 once it reaches its end of life (2026-10-04). Please upgrade to the latest Python version, or at least Python 3.11, to continue receiving updates for google.cloud.storage_control_v2 past that date.
  warnings.warn(message, FutureWarning)
frames_root: /datasets/ssv2/nips/frames_train
videos_to_process: 5000
first_video: 122166 | last_video: 128757
2026-04-26 15:54:45.981121: E external/local_xla/xla/stream_executor/cuda/cuda_dnn.cc:9261] Unable to register cuDNN factory: Attempting to register factory for plugin cuDNN when one has already been registered
2026-04-26 15:54:45.981167: E external/local_xla/xla/stream_executor/cuda/cuda_fft.cc:607] Unable to register cuFFT factory: Attempting to register factory for plugin cuFFT when one has already been registered
2026-04-26 15:54:45.982083: E external/local_xla/xla/stream_executor/cuda/cuda_blas.cc:1515] Unable to register cuBLAS factory: Attempting to register factory for plugin cuBLAS when one has already been registered
AttributeError: 'MessageFactory' object has no attribute 'GetPrototype'
AttributeError: 'MessageFactory' object has no attribute 'GetPrototype'
AttributeError: 'MessageFactory' object has no attribute 'GetPrototype'
AttributeError: 'MessageFactory' object has no attribute 'GetPrototype'
2026-04-26 15:54:46.725523: W tensorflow/compiler/tf2tensorrt/utils/py_utils.cc:38] TF-TRT Warning: Could not find TensorRT
AttributeError: 'MessageFactory' object has no attribute 'GetPrototype'
[1/5000] Wrote video_id=122166 | split=train | frames=41 | time=18.55s
[2/5000] Wrote video_id=122167 | split=train | frames=39 | time=7.74s
[3/5000] Wrote video_id=122170 | split=train | frames=42 | time=10.38s
[4/5000] Wrote video_id=122171 | split=train | frames=48 | time=12.62s
[5/5000] Wrote video_id=122172 | split=train | frames=66 | time=17.51s
[6/5000] Wrote video_id=122174 | split=train | frames=49 | time=12.91s
[7/5000] Wrote video_id=122175 | split=train | frames=54 | time=13.84s
[8/5000] Wrote video_id=122176 | split=train | frames=32 | time=7.67s
[9/5000] Wrote video_id=122177 | split=train | frames=57 | time=15.47s
[10/5000] Wrote video_id=122178 | split=train | frames=40 | time=9.32s
[11/5000] Wrote video_id=122181 | split=train | frames=45 | time=12.55s
[12/5000] Wrote video_id=122182 | split=train | frames=44 | time=12.36s
[13/5000] Wrote video_id=122183 | split=train | frames=59 | time=16.39s
[14/5000] Wrote video_id=122184 | split=train | frames=52 | time=14.14s
[15/5000] Wrote video_id=122185 | split=train | frames=58 | time=15.47s
[16/5000] Wrote video_id=122186 | split=train | frames=39 | time=8.82s
[17/5000] Wrote video_id=122187 | split=train | frames=45 | time=12.38s
[18/5000] Wrote video_id=122188 | split=train | frames=55 | time=14.25s
[19/5000] Wrote video_id=122189 | split=train | frames=35 | time=8.25s
[20/5000] Wrote video_id=122191 | split=train | frames=50 | time=12.46s
[21/5000] Wrote video_id=122192 | split=train | frames=44 | time=11.18s
[22/5000] Wrote video_id=122194 | split=train | frames=50 | time=12.13s
[23/5000] Wrote video_id=122195 | split=train | frames=39 | time=10.45s
[24/5000] Wrote video_id=122196 | split=train | frames=48 | time=13.32s
[25/5000] Wrote video_id=122197 | split=train | frames=45 | time=10.27s
[26/5000] Wrote video_id=122198 | split=train | frames=44 | time=11.51s
[27/5000] Wrote video_id=122199 | split=train | frames=58 | time=13.64s
[28/5000] Wrote video_id=122200 | split=train | frames=60 | time=15.01s
[29/5000] Wrote video_id=122201 | split=train | frames=36 | time=8.60s
[30/5000] Wrote video_id=122202 | split=train | frames=70 | time=20.05s
[31/5000] Wrote video_id=122205 | split=train | frames=36 | time=9.11s
[32/5000] Wrote video_id=122206 | split=train | frames=57 | time=14.88s
[33/5000] Wrote video_id=122207 | split=train | frames=44 | time=12.06s
[34/5000] Wrote video_id=122208 | split=train | frames=52 | time=15.02s
[35/5000] Wrote video_id=122210 | split=train | frames=38 | time=9.43s
[36/5000] Wrote video_id=122211 | split=train | frames=31 | time=6.74s
[37/5000] Wrote video_id=122212 | split=train | frames=61 | time=17.64s
[38/5000] Wrote video_id=122213 | split=train | frames=60 | time=16.85s
[39/5000] Wrote video_id=122214 | split=train | frames=44 | time=11.72s
[40/5000] Wrote video_id=122216 | split=train | frames=30 | time=7.17s
[41/5000] Wrote video_id=122219 | split=train | frames=56 | time=15.58s
[42/5000] Wrote video_id=122220 | split=train | frames=27 | time=7.67s
[43/5000] Wrote video_id=122221 | split=train | frames=48 | time=13.87s
[44/5000] Wrote video_id=122224 | split=train | frames=18 | time=4.42s
[45/5000] Wrote video_id=122225 | split=train | frames=58 | time=15.43s
[46/5000] Wrote video_id=122226 | split=train | frames=43 | time=12.42s
[47/5000] Wrote video_id=122227 | split=train | frames=26 | time=7.45s
[48/5000] Wrote video_id=122228 | split=train | frames=39 | time=10.77s
[49/5000] Wrote video_id=122229 | split=train | frames=51 | time=14.36s
[50/5000] Wrote video_id=122230 | split=train | frames=37 | time=9.09s
[51/5000] Wrote video_id=122231 | split=train | frames=46 | time=11.33s
[52/5000] Wrote video_id=122232 | split=train | frames=43 | time=11.54s
[53/5000] Wrote video_id=122233 | split=train | frames=38 | time=9.92s
[54/5000] Wrote video_id=122234 | split=train | frames=37 | time=10.86s
[55/5000] Wrote video_id=122235 | split=train | frames=56 | time=15.06s
[56/5000] Wrote video_id=122236 | split=train | frames=22 | time=6.35s
[57/5000] Wrote video_id=122237 | split=train | frames=56 | time=15.52s
[58/5000] Wrote video_id=122238 | split=train | frames=59 | time=14.18s
[59/5000] Wrote video_id=122239 | split=train | frames=48 | time=13.94s
[60/5000] Wrote video_id=122240 | split=train | frames=39 | time=10.05s
[61/5000] Wrote video_id=122242 | split=train | frames=59 | time=16.89s
[62/5000] Wrote video_id=122243 | split=train | frames=38 | time=11.02s
[63/5000] Wrote video_id=122245 | split=train | frames=57 | time=15.73s
[64/5000] Wrote video_id=122246 | split=train | frames=36 | time=9.97s
[65/5000] Wrote video_id=122247 | split=train | frames=50 | time=12.36s
[66/5000] Wrote video_id=122250 | split=train | frames=42 | time=11.27s
[67/5000] Wrote video_id=122251 | split=train | frames=44 | time=12.55s
[68/5000] Wrote video_id=122252 | split=train | frames=70 | time=18.04s
[69/5000] Wrote video_id=122254 | split=train | frames=48 | time=12.00s
[70/5000] Wrote video_id=122255 | split=train | frames=52 | time=14.80s
[71/5000] Wrote video_id=122256 | split=train | frames=33 | time=7.53s
[72/5000] Wrote video_id=122257 | split=train | frames=49 | time=11.45s
[73/5000] Wrote video_id=122258 | split=train | frames=45 | time=9.68s
[74/5000] Wrote video_id=122259 | split=train | frames=60 | time=16.57s
[75/5000] Wrote video_id=122260 | split=train | frames=52 | time=13.36s
[76/5000] Wrote video_id=122261 | split=train | frames=42 | time=10.45s
[77/5000] Wrote video_id=122262 | split=train | frames=45 | time=11.84s
[78/5000] Wrote video_id=122264 | split=train | frames=37 | time=10.25s
[79/5000] Wrote video_id=122265 | split=train | frames=67 | time=15.68s
[80/5000] Wrote video_id=122266 | split=train | frames=28 | time=7.79s
[81/5000] Wrote video_id=122268 | split=train | frames=33 | time=9.22s
[82/5000] Wrote video_id=122270 | split=train | frames=25 | time=6.98s
[83/5000] Wrote video_id=122271 | split=train | frames=31 | time=6.94s
[84/5000] Wrote video_id=122273 | split=train | frames=30 | time=8.26s
[85/5000] Wrote video_id=122274 | split=train | frames=54 | time=12.55s
[86/5000] Wrote video_id=122275 | split=train | frames=34 | time=7.92s
[87/5000] Wrote video_id=122277 | split=train | frames=41 | time=9.35s
[88/5000] Wrote video_id=122278 | split=train | frames=59 | time=15.68s
[89/5000] Wrote video_id=122280 | split=train | frames=29 | time=7.36s
[90/5000] Wrote video_id=122283 | split=train | frames=38 | time=8.66s
[91/5000] Wrote video_id=122285 | split=train | frames=70 | time=19.30s
[92/5000] Wrote video_id=122286 | split=train | frames=35 | time=8.09s
[93/5000] Wrote video_id=122287 | split=train | frames=66 | time=16.81s
[94/5000] Wrote video_id=122288 | split=train | frames=42 | time=11.67s
[95/5000] Wrote video_id=122289 | split=train | frames=30 | time=8.32s
[96/5000] Wrote video_id=122290 | split=train | frames=72 | time=15.76s
[97/5000] Wrote video_id=122291 | split=train | frames=39 | time=9.63s
[98/5000] Wrote video_id=122292 | split=train | frames=17 | time=3.95s
[99/5000] Wrote video_id=122294 | split=train | frames=52 | time=12.09s
[100/5000] Wrote video_id=122295 | split=train | frames=57 | time=15.80s
[101/5000] Wrote video_id=122296 | split=train | frames=34 | time=6.90s
[102/5000] Wrote video_id=122297 | split=train | frames=61 | time=16.80s
[103/5000] Wrote video_id=122298 | split=train | frames=59 | time=14.73s
[104/5000] Wrote video_id=122299 | split=train | frames=67 | time=14.40s
[105/5000] Wrote video_id=122300 | split=train | frames=41 | time=10.88s
[106/5000] Wrote video_id=122301 | split=train | frames=40 | time=9.56s
[107/5000] Wrote video_id=122302 | split=train | frames=49 | time=12.46s
[108/5000] Wrote video_id=122303 | split=train | frames=29 | time=7.78s
[109/5000] Wrote video_id=122304 | split=train | frames=30 | time=8.21s
[110/5000] Wrote video_id=122305 | split=train | frames=55 | time=15.19s
[111/5000] Wrote video_id=122306 | split=train | frames=58 | time=12.36s
[112/5000] Wrote video_id=122307 | split=train | frames=38 | time=10.20s
[113/5000] Wrote video_id=122308 | split=train | frames=50 | time=13.15s
[114/5000] Wrote video_id=122309 | split=train | frames=51 | time=10.36s
[115/5000] Wrote video_id=122310 | split=train | frames=54 | time=14.77s
[116/5000] Wrote video_id=122311 | split=train | frames=63 | time=16.28s
[117/5000] Wrote video_id=122312 | split=train | frames=41 | time=8.43s
[118/5000] Wrote video_id=122314 | split=train | frames=53 | time=12.24s
[119/5000] Wrote video_id=122315 | split=train | frames=44 | time=10.84s
[120/5000] Wrote video_id=122316 | split=train | frames=59 | time=15.08s
[121/5000] Wrote video_id=122318 | split=train | frames=45 | time=11.46s
[122/5000] Wrote video_id=122319 | split=train | frames=61 | time=16.33s
[123/5000] Wrote video_id=122320 | split=train | frames=48 | time=13.17s
[124/5000] Wrote video_id=122322 | split=train | frames=48 | time=9.67s
[125/5000] Wrote video_id=122324 | split=train | frames=64 | time=17.35s
[126/5000] Wrote video_id=122325 | split=train | frames=25 | time=5.78s
[127/5000] Wrote video_id=122326 | split=train | frames=48 | time=11.50s
[128/5000] Wrote video_id=122327 | split=train | frames=53 | time=12.27s
[129/5000] Wrote video_id=122328 | split=train | frames=42 | time=10.79s
[130/5000] Wrote video_id=122330 | split=train | frames=60 | time=15.53s
[131/5000] Wrote video_id=122331 | split=train | frames=49 | time=11.48s
[132/5000] Wrote video_id=122332 | split=train | frames=44 | time=12.01s
[133/5000] Wrote video_id=122333 | split=train | frames=25 | time=6.06s
[134/5000] Wrote video_id=122335 | split=train | frames=33 | time=8.28s
[135/5000] Wrote video_id=122336 | split=train | frames=50 | time=13.54s
[136/5000] Wrote video_id=122337 | split=train | frames=55 | time=14.75s
[137/5000] Wrote video_id=122340 | split=train | frames=45 | time=10.16s
[138/5000] Wrote video_id=122341 | split=train | frames=44 | time=10.99s
[139/5000] Wrote video_id=122342 | split=train | frames=43 | time=11.34s
[140/5000] Wrote video_id=122343 | split=train | frames=41 | time=9.01s
[141/5000] Wrote video_id=122344 | split=train | frames=34 | time=8.13s
[142/5000] Wrote video_id=122345 | split=train | frames=42 | time=11.61s
[143/5000] Wrote video_id=122346 | split=train | frames=40 | time=11.07s
[144/5000] Wrote video_id=122347 | split=train | frames=63 | time=16.40s
[145/5000] Wrote video_id=122349 | split=train | frames=61 | time=13.35s
[146/5000] Wrote video_id=122350 | split=train | frames=44 | time=10.03s
[147/5000] Wrote video_id=122351 | split=train | frames=32 | time=8.50s
[148/5000] Wrote video_id=122353 | split=train | frames=40 | time=8.53s
[149/5000] Wrote video_id=122354 | split=train | frames=45 | time=11.91s
[150/5000] Wrote video_id=122355 | split=train | frames=25 | time=6.86s
[151/5000] Wrote video_id=122356 | split=train | frames=36 | time=9.83s
[152/5000] Wrote video_id=122357 | split=train | frames=58 | time=14.34s
[153/5000] Wrote video_id=122358 | split=train | frames=41 | time=9.82s
[154/5000] Wrote video_id=122360 | split=train | frames=42 | time=9.44s
[155/5000] Wrote video_id=122362 | split=train | frames=33 | time=8.53s
[156/5000] Wrote video_id=122363 | split=train | frames=24 | time=6.46s
[157/5000] Wrote video_id=122364 | split=train | frames=52 | time=14.43s
[158/5000] Wrote video_id=122366 | split=train | frames=40 | time=8.12s
[159/5000] Wrote video_id=122367 | split=train | frames=28 | time=7.72s
[160/5000] Wrote video_id=122369 | split=train | frames=50 | time=11.40s
[161/5000] Wrote video_id=122371 | split=train | frames=60 | time=15.86s
[162/5000] Wrote video_id=122372 | split=train | frames=61 | time=16.68s
[163/5000] Wrote video_id=122373 | split=train | frames=46 | time=12.37s
[164/5000] Wrote video_id=122375 | split=train | frames=30 | time=6.98s
[165/5000] Wrote video_id=122376 | split=train | frames=41 | time=10.96s
[166/5000] Wrote video_id=122377 | split=train | frames=45 | time=11.21s
[167/5000] Wrote video_id=122378 | split=train | frames=16 | time=3.80s
[168/5000] Wrote video_id=122379 | split=train | frames=59 | time=15.92s
[169/5000] Wrote video_id=122380 | split=train | frames=33 | time=9.01s
[170/5000] Wrote video_id=122383 | split=train | frames=18 | time=3.63s
[171/5000] Wrote video_id=122384 | split=train | frames=46 | time=10.01s
[172/5000] Wrote video_id=122385 | split=train | frames=45 | time=10.30s
[173/5000] Wrote video_id=122390 | split=train | frames=32 | time=8.19s
[174/5000] Wrote video_id=122391 | split=train | frames=52 | time=13.33s
[175/5000] Wrote video_id=122392 | split=train | frames=64 | time=17.23s
[176/5000] Wrote video_id=122393 | split=train | frames=48 | time=12.97s
[177/5000] Wrote video_id=122395 | split=train | frames=40 | time=10.54s
[178/5000] Wrote video_id=122396 | split=train | frames=44 | time=12.08s
[179/5000] Wrote video_id=122399 | split=train | frames=39 | time=9.55s
[180/5000] Wrote video_id=122401 | split=train | frames=48 | time=12.19s
[181/5000] Wrote video_id=122402 | split=train | frames=45 | time=11.48s
[182/5000] Wrote video_id=122406 | split=train | frames=56 | time=11.50s
[183/5000] Wrote video_id=122407 | split=train | frames=47 | time=12.87s
[184/5000] Wrote video_id=122409 | split=train | frames=67 | time=14.93s
[185/5000] Wrote video_id=122410 | split=train | frames=33 | time=8.89s
[186/5000] Wrote video_id=122411 | split=train | frames=30 | time=8.19s
[187/5000] Wrote video_id=122412 | split=train | frames=37 | time=8.58s
[188/5000] Wrote video_id=122413 | split=train | frames=46 | time=11.69s
[189/5000] Wrote video_id=122416 | split=train | frames=33 | time=8.02s
[190/5000] Wrote video_id=122417 | split=train | frames=38 | time=8.04s
[191/5000] Wrote video_id=122420 | split=train | frames=65 | time=16.43s
[192/5000] Wrote video_id=122421 | split=train | frames=47 | time=11.85s
[193/5000] Wrote video_id=122423 | split=train | frames=60 | time=14.90s
[194/5000] Wrote video_id=122424 | split=train | frames=55 | time=12.03s
[195/5000] Wrote video_id=122425 | split=train | frames=45 | time=11.76s
[196/5000] Wrote video_id=122426 | split=train | frames=46 | time=9.25s
[197/5000] Wrote video_id=122427 | split=train | frames=39 | time=9.72s
[198/5000] Wrote video_id=122428 | split=train | frames=45 | time=11.22s
[199/5000] Wrote video_id=122429 | split=train | frames=57 | time=14.56s
[200/5000] Wrote video_id=122430 | split=train | frames=59 | time=15.35s
[201/5000] Wrote video_id=122431 | split=train | frames=36 | time=8.15s
[202/5000] Wrote video_id=122432 | split=train | frames=48 | time=13.13s
[203/5000] Wrote video_id=122433 | split=train | frames=45 | time=12.46s
[204/5000] Wrote video_id=122435 | split=train | frames=42 | time=10.79s
[205/5000] Wrote video_id=122436 | split=train | frames=61 | time=15.28s
[206/5000] Wrote video_id=122437 | split=train | frames=61 | time=15.82s
[207/5000] Wrote video_id=122438 | split=train | frames=38 | time=8.49s
[208/5000] Wrote video_id=122439 | split=train | frames=47 | time=9.48s
[209/5000] Wrote video_id=122440 | split=train | frames=53 | time=11.41s
[210/5000] Wrote video_id=122441 | split=train | frames=58 | time=12.33s
[211/5000] Wrote video_id=122442 | split=train | frames=49 | time=13.49s
[212/5000] Wrote video_id=122443 | split=train | frames=41 | time=11.31s
[213/5000] Wrote video_id=122444 | split=train | frames=43 | time=8.76s
[214/5000] Wrote video_id=122445 | split=train | frames=67 | time=17.36s
[215/5000] Wrote video_id=122446 | split=train | frames=40 | time=10.96s
[216/5000] Wrote video_id=122447 | split=train | frames=58 | time=14.37s
[217/5000] Wrote video_id=122448 | split=train | frames=41 | time=8.30s
[218/5000] Wrote video_id=122449 | split=train | frames=50 | time=13.47s
[219/5000] Wrote video_id=122450 | split=train | frames=45 | time=12.44s
[220/5000] Wrote video_id=122451 | split=train | frames=20 | time=5.55s
[221/5000] Wrote video_id=122453 | split=train | frames=22 | time=5.50s
[222/5000] Wrote video_id=122454 | split=train | frames=49 | time=10.87s
[223/5000] Wrote video_id=122455 | split=train | frames=39 | time=9.56s
[224/5000] Wrote video_id=122456 | split=train | frames=30 | time=7.67s
[225/5000] Wrote video_id=122457 | split=train | frames=34 | time=9.04s
[226/5000] Wrote video_id=122459 | split=train | frames=35 | time=9.69s
[227/5000] Wrote video_id=122460 | split=train | frames=67 | time=17.66s
[228/5000] Wrote video_id=122461 | split=train | frames=51 | time=10.69s
[229/5000] Wrote video_id=122463 | split=train | frames=45 | time=12.42s
[230/5000] Wrote video_id=122464 | split=train | frames=52 | time=13.85s
[231/5000] Wrote video_id=122465 | split=train | frames=35 | time=9.71s
[232/5000] Wrote video_id=122466 | split=train | frames=65 | time=16.84s
[233/5000] Wrote video_id=122467 | split=train | frames=45 | time=9.30s
[234/5000] Wrote video_id=122468 | split=train | frames=36 | time=9.94s
[235/5000] Wrote video_id=122469 | split=train | frames=61 | time=15.52s
[236/5000] Wrote video_id=122470 | split=train | frames=36 | time=8.37s
[237/5000] Wrote video_id=122471 | split=train | frames=22 | time=5.67s
[238/5000] Wrote video_id=122472 | split=train | frames=25 | time=5.93s
[239/5000] Wrote video_id=122475 | split=train | frames=23 | time=6.08s
[240/5000] Wrote video_id=122476 | split=train | frames=60 | time=14.87s
[241/5000] Wrote video_id=122477 | split=train | frames=29 | time=7.59s
[242/5000] Wrote video_id=122478 | split=train | frames=39 | time=10.26s
[243/5000] Wrote video_id=122479 | split=train | frames=36 | time=8.41s
[244/5000] Wrote video_id=122480 | split=train | frames=48 | time=12.42s
[245/5000] Wrote video_id=122481 | split=train | frames=52 | time=12.64s
[246/5000] Wrote video_id=122482 | split=train | frames=54 | time=14.77s
[247/5000] Wrote video_id=122483 | split=train | frames=50 | time=13.38s
[248/5000] Wrote video_id=122485 | split=train | frames=32 | time=6.46s
[249/5000] Wrote video_id=122487 | split=train | frames=46 | time=10.47s
[250/5000] Wrote video_id=122488 | split=train | frames=31 | time=8.38s
[251/5000] Wrote video_id=122489 | split=train | frames=39 | time=9.96s
[252/5000] Wrote video_id=122490 | split=train | frames=67 | time=17.34s
[253/5000] Wrote video_id=122491 | split=train | frames=32 | time=8.35s
[254/5000] Wrote video_id=122493 | split=train | frames=47 | time=12.41s
[255/5000] Wrote video_id=122494 | split=train | frames=57 | time=15.10s
[256/5000] Wrote video_id=122498 | split=train | frames=48 | time=12.75s
[257/5000] Wrote video_id=122499 | split=train | frames=46 | time=12.30s
[258/5000] Wrote video_id=122501 | split=train | frames=47 | time=11.58s
[259/5000] Wrote video_id=122502 | split=train | frames=33 | time=7.82s
[260/5000] Wrote video_id=122503 | split=train | frames=26 | time=6.69s
[261/5000] Wrote video_id=122505 | split=train | frames=39 | time=10.58s
[262/5000] Wrote video_id=122506 | split=train | frames=41 | time=11.05s
[263/5000] Wrote video_id=122507 | split=train | frames=41 | time=9.17s
[264/5000] Wrote video_id=122508 | split=train | frames=45 | time=12.31s
[265/5000] Wrote video_id=122509 | split=train | frames=29 | time=7.71s
[266/5000] Wrote video_id=122510 | split=train | frames=36 | time=7.69s
[267/5000] Wrote video_id=122512 | split=train | frames=33 | time=6.70s
[268/5000] Wrote video_id=122513 | split=train | frames=62 | time=13.92s
[269/5000] Wrote video_id=122514 | split=train | frames=54 | time=11.72s
[270/5000] Wrote video_id=122515 | split=train | frames=41 | time=11.20s
[271/5000] Wrote video_id=122518 | split=train | frames=36 | time=7.82s
[272/5000] Wrote video_id=122519 | split=train | frames=42 | time=10.67s
[273/5000] Wrote video_id=122520 | split=train | frames=58 | time=15.31s
[274/5000] Wrote video_id=122522 | split=train | frames=48 | time=13.00s
[275/5000] Wrote video_id=122524 | split=train | frames=54 | time=14.65s
[276/5000] Wrote video_id=122525 | split=train | frames=38 | time=10.24s
[277/5000] Wrote video_id=122526 | split=train | frames=62 | time=15.41s
[278/5000] Wrote video_id=122528 | split=train | frames=51 | time=11.48s
[279/5000] Wrote video_id=122531 | split=train | frames=52 | time=12.30s
[280/5000] Wrote video_id=122535 | split=train | frames=23 | time=5.39s
[281/5000] Wrote video_id=122537 | split=train | frames=66 | time=14.99s
[282/5000] Wrote video_id=122539 | split=train | frames=28 | time=7.16s
[283/5000] Wrote video_id=122540 | split=train | frames=43 | time=11.50s
[284/5000] Wrote video_id=122541 | split=train | frames=20 | time=5.48s
[285/5000] Wrote video_id=122542 | split=train | frames=42 | time=11.47s
[286/5000] Wrote video_id=122543 | split=train | frames=21 | time=5.33s
[287/5000] Wrote video_id=122545 | split=train | frames=36 | time=9.61s
[288/5000] Wrote video_id=122546 | split=train | frames=40 | time=10.80s
[289/5000] Wrote video_id=122547 | split=train | frames=26 | time=6.47s
[290/5000] Wrote video_id=122548 | split=train | frames=66 | time=17.50s
[291/5000] Wrote video_id=122549 | split=train | frames=35 | time=8.45s
[292/5000] Wrote video_id=122551 | split=train | frames=40 | time=10.46s
[293/5000] Wrote video_id=122552 | split=train | frames=37 | time=9.98s
[294/5000] Wrote video_id=122553 | split=train | frames=39 | time=10.56s
[295/5000] Wrote video_id=122554 | split=train | frames=32 | time=8.75s
[296/5000] Wrote video_id=122555 | split=train | frames=50 | time=12.17s
[297/5000] Wrote video_id=122557 | split=train | frames=46 | time=11.32s
[298/5000] Wrote video_id=122559 | split=train | frames=31 | time=8.15s
[299/5000] Wrote video_id=122560 | split=train | frames=40 | time=10.18s
[300/5000] Wrote video_id=122561 | split=train | frames=44 | time=12.00s
[301/5000] Wrote video_id=122562 | split=train | frames=26 | time=6.92s
[302/5000] Wrote video_id=122564 | split=train | frames=60 | time=16.06s
[303/5000] Wrote video_id=122565 | split=train | frames=42 | time=10.81s
[304/5000] Wrote video_id=122566 | split=train | frames=43 | time=8.77s
[305/5000] Wrote video_id=122567 | split=train | frames=23 | time=5.82s
[306/5000] Wrote video_id=122569 | split=train | frames=46 | time=12.48s
[307/5000] Wrote video_id=122570 | split=train | frames=57 | time=15.45s
[308/5000] Wrote video_id=122571 | split=train | frames=40 | time=10.92s
[309/5000] Wrote video_id=122573 | split=train | frames=68 | time=17.84s
[310/5000] Wrote video_id=122575 | split=train | frames=54 | time=13.89s
[311/5000] Wrote video_id=122576 | split=train | frames=55 | time=14.12s
[312/5000] Wrote video_id=122577 | split=train | frames=44 | time=11.75s
[313/5000] Wrote video_id=122578 | split=train | frames=43 | time=10.92s
[314/5000] Wrote video_id=122579 | split=train | frames=32 | time=7.77s
[315/5000] Wrote video_id=122580 | split=train | frames=32 | time=6.70s
[316/5000] Wrote video_id=122581 | split=train | frames=67 | time=16.15s
[317/5000] Wrote video_id=122583 | split=train | frames=34 | time=8.43s
[318/5000] Wrote video_id=122585 | split=train | frames=52 | time=12.74s
[319/5000] Wrote video_id=122586 | split=train | frames=38 | time=10.36s
[320/5000] Wrote video_id=122587 | split=train | frames=26 | time=7.09s
[321/5000] Wrote video_id=122588 | split=train | frames=39 | time=10.45s
[322/5000] Wrote video_id=122589 | split=train | frames=39 | time=10.28s
[323/5000] Wrote video_id=122590 | split=train | frames=41 | time=9.09s
[324/5000] Wrote video_id=122592 | split=train | frames=28 | time=7.31s
[325/5000] Wrote video_id=122593 | split=train | frames=50 | time=11.92s
[326/5000] Wrote video_id=122594 | split=train | frames=71 | time=18.38s
[327/5000] Wrote video_id=122595 | split=train | frames=33 | time=8.17s
[328/5000] Wrote video_id=122596 | split=train | frames=61 | time=15.80s
[329/5000] Wrote video_id=122598 | split=train | frames=47 | time=12.22s
[330/5000] Wrote video_id=122600 | split=train | frames=36 | time=9.35s
[331/5000] Wrote video_id=122601 | split=train | frames=38 | time=8.77s
[332/5000] Wrote video_id=122603 | split=train | frames=52 | time=13.69s
[333/5000] Wrote video_id=122605 | split=train | frames=39 | time=10.23s
[334/5000] Wrote video_id=122606 | split=train | frames=38 | time=9.12s
[335/5000] Wrote video_id=122607 | split=train | frames=72 | time=19.50s
[336/5000] Wrote video_id=122608 | split=train | frames=58 | time=13.24s
[337/5000] Wrote video_id=122609 | split=train | frames=66 | time=13.37s
[338/5000] Wrote video_id=122610 | split=train | frames=30 | time=6.57s
[339/5000] Wrote video_id=122611 | split=train | frames=48 | time=12.87s
[340/5000] Wrote video_id=122612 | split=train | frames=69 | time=18.50s
[341/5000] Wrote video_id=122613 | split=train | frames=32 | time=7.67s
[342/5000] Wrote video_id=122614 | split=train | frames=58 | time=14.89s
[343/5000] Wrote video_id=122615 | split=train | frames=49 | time=12.49s
[344/5000] Wrote video_id=122616 | split=train | frames=38 | time=7.60s
[345/5000] Wrote video_id=122618 | split=train | frames=39 | time=9.63s
[346/5000] Wrote video_id=122619 | split=train | frames=47 | time=12.81s
[347/5000] Wrote video_id=122620 | split=train | frames=31 | time=7.79s
[348/5000] Wrote video_id=122622 | split=train | frames=51 | time=12.03s
[349/5000] Wrote video_id=122624 | split=train | frames=31 | time=8.46s
[350/5000] Wrote video_id=122625 | split=train | frames=51 | time=13.15s
[351/5000] Wrote video_id=122626 | split=train | frames=36 | time=9.42s
[352/5000] Wrote video_id=122627 | split=train | frames=71 | time=15.14s
[353/5000] Wrote video_id=122628 | split=train | frames=41 | time=11.05s
[354/5000] Wrote video_id=122631 | split=train | frames=50 | time=12.67s
[355/5000] Wrote video_id=122634 | split=train | frames=66 | time=17.97s
[356/5000] Wrote video_id=122636 | split=train | frames=43 | time=10.02s
[357/5000] Wrote video_id=122637 | split=train | frames=59 | time=14.89s
[358/5000] Wrote video_id=122638 | split=train | frames=44 | time=10.46s
[359/5000] Wrote video_id=122639 | split=train | frames=31 | time=7.55s
[360/5000] Wrote video_id=122640 | split=train | frames=37 | time=9.76s
[361/5000] Wrote video_id=122641 | split=train | frames=46 | time=12.52s
[362/5000] Wrote video_id=122643 | split=train | frames=50 | time=13.63s
[363/5000] Wrote video_id=122644 | split=train | frames=30 | time=8.09s
[364/5000] Wrote video_id=122645 | split=train | frames=41 | time=8.21s
[365/5000] Wrote video_id=122646 | split=train | frames=65 | time=16.13s
[366/5000] Wrote video_id=122647 | split=train | frames=36 | time=9.63s
[367/5000] Wrote video_id=122650 | split=train | frames=52 | time=13.55s
[368/5000] Wrote video_id=122652 | split=train | frames=62 | time=16.87s
[369/5000] Wrote video_id=122653 | split=train | frames=27 | time=7.21s
[370/5000] Wrote video_id=122654 | split=train | frames=39 | time=10.60s
[371/5000] Wrote video_id=122655 | split=train | frames=31 | time=8.35s
[372/5000] Wrote video_id=122656 | split=train | frames=30 | time=8.17s
[373/5000] Wrote video_id=122657 | split=train | frames=40 | time=10.83s
[374/5000] Wrote video_id=122658 | split=train | frames=57 | time=15.52s
[375/5000] Wrote video_id=122660 | split=train | frames=59 | time=13.19s
[376/5000] Wrote video_id=122661 | split=train | frames=38 | time=10.28s
[377/5000] Wrote video_id=122663 | split=train | frames=22 | time=5.08s
[378/5000] Wrote video_id=122664 | split=train | frames=30 | time=6.58s
[379/5000] Wrote video_id=122665 | split=train | frames=31 | time=8.09s
[380/5000] Wrote video_id=122666 | split=train | frames=42 | time=11.44s
[381/5000] Wrote video_id=122667 | split=train | frames=65 | time=16.14s
[382/5000] Wrote video_id=122670 | split=train | frames=35 | time=8.20s
[383/5000] Wrote video_id=122671 | split=train | frames=64 | time=16.79s
[384/5000] Wrote video_id=122672 | split=train | frames=60 | time=15.61s
[385/5000] Wrote video_id=122673 | split=train | frames=35 | time=7.28s
[386/5000] Wrote video_id=122674 | split=train | frames=24 | time=6.46s
[387/5000] Wrote video_id=122675 | split=train | frames=69 | time=16.86s
[388/5000] Wrote video_id=122677 | split=train | frames=36 | time=8.65s
[389/5000] Wrote video_id=122678 | split=train | frames=27 | time=6.51s
[390/5000] Wrote video_id=122679 | split=train | frames=62 | time=16.79s
[391/5000] Wrote video_id=122680 | split=train | frames=28 | time=6.32s
[392/5000] Wrote video_id=122681 | split=train | frames=65 | time=15.76s
[393/5000] Wrote video_id=122682 | split=train | frames=49 | time=12.65s
[394/5000] Wrote video_id=122683 | split=train | frames=29 | time=6.82s
[395/5000] Wrote video_id=122684 | split=train | frames=38 | time=9.78s
[396/5000] Wrote video_id=122685 | split=train | frames=66 | time=17.74s
[397/5000] Wrote video_id=122686 | split=train | frames=45 | time=10.39s
[398/5000] Wrote video_id=122687 | split=train | frames=54 | time=12.74s
[399/5000] Wrote video_id=122689 | split=train | frames=43 | time=10.06s
[400/5000] Wrote video_id=122690 | split=train | frames=33 | time=7.58s
[401/5000] Wrote video_id=122691 | split=train | frames=44 | time=11.92s
[402/5000] Wrote video_id=122693 | split=train | frames=68 | time=17.62s
[403/5000] Wrote video_id=122694 | split=train | frames=29 | time=7.61s
[404/5000] Wrote video_id=122695 | split=train | frames=44 | time=9.54s
[405/5000] Wrote video_id=122696 | split=train | frames=53 | time=12.61s
[406/5000] Wrote video_id=122697 | split=train | frames=40 | time=9.68s
[407/5000] Wrote video_id=122699 | split=train | frames=60 | time=14.77s
[408/5000] Wrote video_id=122700 | split=train | frames=48 | time=12.91s
[409/5000] Wrote video_id=122701 | split=train | frames=42 | time=10.35s
[410/5000] Wrote video_id=122702 | split=train | frames=28 | time=6.79s
[411/5000] Wrote video_id=122703 | split=train | frames=34 | time=7.65s
[412/5000] Wrote video_id=122704 | split=train | frames=66 | time=17.45s
[413/5000] Wrote video_id=122705 | split=train | frames=27 | time=5.91s
[414/5000] Wrote video_id=122708 | split=train | frames=33 | time=8.51s
[415/5000] Wrote video_id=122711 | split=train | frames=38 | time=10.08s
[416/5000] Wrote video_id=122712 | split=train | frames=52 | time=12.63s
[417/5000] Wrote video_id=122714 | split=train | frames=30 | time=6.67s
[418/5000] Wrote video_id=122715 | split=train | frames=59 | time=13.19s
[419/5000] Wrote video_id=122716 | split=train | frames=39 | time=10.14s
[420/5000] Wrote video_id=122717 | split=train | frames=51 | time=13.38s
[421/5000] Wrote video_id=122719 | split=train | frames=49 | time=10.20s
[422/5000] Wrote video_id=122720 | split=train | frames=50 | time=11.84s
[423/5000] Wrote video_id=122721 | split=train | frames=46 | time=11.45s
[424/5000] Wrote video_id=122722 | split=train | frames=29 | time=6.43s
[425/5000] Wrote video_id=122723 | split=train | frames=49 | time=10.62s
[426/5000] Wrote video_id=122724 | split=train | frames=43 | time=11.35s
[427/5000] Wrote video_id=122725 | split=train | frames=48 | time=9.76s
[428/5000] Wrote video_id=122726 | split=train | frames=44 | time=11.75s
[429/5000] Wrote video_id=122727 | split=train | frames=46 | time=12.27s
[430/5000] Wrote video_id=122728 | split=train | frames=48 | time=13.00s
[431/5000] Wrote video_id=122729 | split=train | frames=47 | time=11.83s
[432/5000] Wrote video_id=122730 | split=train | frames=58 | time=13.98s
[433/5000] Wrote video_id=122731 | split=train | frames=32 | time=7.88s
[434/5000] Wrote video_id=122732 | split=train | frames=48 | time=12.19s
[435/5000] Wrote video_id=122734 | split=train | frames=33 | time=8.32s
[436/5000] Wrote video_id=122735 | split=train | frames=37 | time=8.19s
[437/5000] Wrote video_id=122736 | split=train | frames=37 | time=8.91s
[438/5000] Wrote video_id=122738 | split=train | frames=51 | time=13.44s
[439/5000] Wrote video_id=122739 | split=train | frames=19 | time=4.53s
[440/5000] Wrote video_id=122740 | split=train | frames=42 | time=11.23s
[441/5000] Wrote video_id=122741 | split=train | frames=35 | time=8.94s
[442/5000] Wrote video_id=122742 | split=train | frames=62 | time=15.47s
[443/5000] Wrote video_id=122744 | split=train | frames=53 | time=13.59s
[444/5000] Wrote video_id=122747 | split=train | frames=51 | time=13.21s
[445/5000] Wrote video_id=122749 | split=train | frames=18 | time=4.89s
[446/5000] Wrote video_id=122750 | split=train | frames=49 | time=12.28s
[447/5000] Wrote video_id=122751 | split=train | frames=31 | time=7.87s
[448/5000] Wrote video_id=122752 | split=train | frames=57 | time=15.43s
[449/5000] Wrote video_id=122753 | split=train | frames=32 | time=7.81s
[450/5000] Wrote video_id=122754 | split=train | frames=31 | time=8.39s
[451/5000] Wrote video_id=122755 | split=train | frames=52 | time=13.23s
[452/5000] Wrote video_id=122756 | split=train | frames=55 | time=13.25s
[453/5000] Wrote video_id=122757 | split=train | frames=31 | time=7.27s
[454/5000] Wrote video_id=122759 | split=train | frames=49 | time=12.03s
[455/5000] Wrote video_id=122761 | split=train | frames=30 | time=7.52s
[456/5000] Wrote video_id=122763 | split=train | frames=64 | time=15.97s
[457/5000] Wrote video_id=122765 | split=train | frames=43 | time=11.61s
[458/5000] Wrote video_id=122767 | split=train | frames=49 | time=11.17s
[459/5000] Wrote video_id=122768 | split=train | frames=33 | time=7.39s
[460/5000] Wrote video_id=122769 | split=train | frames=65 | time=17.24s
[461/5000] Wrote video_id=122770 | split=train | frames=47 | time=12.42s
[462/5000] Wrote video_id=122771 | split=train | frames=33 | time=7.67s
[463/5000] Wrote video_id=122773 | split=train | frames=39 | time=9.41s
[464/5000] Wrote video_id=122774 | split=train | frames=33 | time=8.46s
[465/5000] Wrote video_id=122775 | split=train | frames=46 | time=11.86s
[466/5000] Wrote video_id=122776 | split=train | frames=44 | time=11.58s
[467/5000] Wrote video_id=122778 | split=train | frames=44 | time=10.82s
[468/5000] Wrote video_id=122779 | split=train | frames=42 | time=11.36s
[469/5000] Wrote video_id=122781 | split=train | frames=44 | time=9.65s
[470/5000] Wrote video_id=122782 | split=train | frames=34 | time=8.94s
[471/5000] Wrote video_id=122783 | split=train | frames=33 | time=7.09s
[472/5000] Wrote video_id=122784 | split=train | frames=35 | time=7.55s
[473/5000] Wrote video_id=122785 | split=train | frames=44 | time=10.08s
[474/5000] Wrote video_id=122786 | split=train | frames=68 | time=18.11s
[475/5000] Wrote video_id=122787 | split=train | frames=27 | time=6.39s
[476/5000] Wrote video_id=122788 | split=train | frames=36 | time=7.22s
[477/5000] Wrote video_id=122789 | split=train | frames=56 | time=14.10s
[478/5000] Wrote video_id=122790 | split=train | frames=25 | time=6.75s
[479/5000] Wrote video_id=122791 | split=train | frames=29 | time=7.03s
[480/5000] Wrote video_id=122792 | split=train | frames=48 | time=12.10s
[481/5000] Wrote video_id=122793 | split=train | frames=36 | time=8.86s
[482/5000] Wrote video_id=122794 | split=train | frames=58 | time=14.33s
[483/5000] Wrote video_id=122795 | split=train | frames=53 | time=13.84s
[484/5000] Wrote video_id=122796 | split=train | frames=42 | time=8.34s
[485/5000] Wrote video_id=122798 | split=train | frames=57 | time=14.64s
[486/5000] Wrote video_id=122799 | split=train | frames=47 | time=10.31s
[487/5000] Wrote video_id=122800 | split=train | frames=43 | time=11.37s
[488/5000] Wrote video_id=122802 | split=train | frames=59 | time=15.96s
[489/5000] Wrote video_id=122803 | split=train | frames=38 | time=9.28s
[490/5000] Wrote video_id=122804 | split=train | frames=46 | time=12.28s
[491/5000] Wrote video_id=122805 | split=train | frames=29 | time=7.88s
[492/5000] Wrote video_id=122806 | split=train | frames=50 | time=13.54s
[493/5000] Wrote video_id=122807 | split=train | frames=22 | time=5.56s
[494/5000] Wrote video_id=122808 | split=train | frames=51 | time=13.23s
[495/5000] Wrote video_id=122809 | split=train | frames=23 | time=6.15s
[496/5000] Wrote video_id=122811 | split=train | frames=47 | time=12.77s
[497/5000] Wrote video_id=122812 | split=train | frames=65 | time=16.91s
[498/5000] Wrote video_id=122813 | split=train | frames=51 | time=12.75s
[499/5000] Wrote video_id=122814 | split=train | frames=33 | time=8.76s
[500/5000] Wrote video_id=122817 | split=train | frames=62 | time=14.38s
[501/5000] Wrote video_id=122818 | split=train | frames=62 | time=15.57s
[502/5000] Wrote video_id=122819 | split=train | frames=39 | time=8.83s
[503/5000] Wrote video_id=122820 | split=train | frames=57 | time=14.27s
[504/5000] Wrote video_id=122821 | split=train | frames=59 | time=12.57s
[505/5000] Wrote video_id=122823 | split=train | frames=44 | time=11.79s
[506/5000] Wrote video_id=122824 | split=train | frames=64 | time=16.94s
[507/5000] Wrote video_id=122825 | split=train | frames=45 | time=12.18s
[508/5000] Wrote video_id=122826 | split=train | frames=59 | time=14.83s
[509/5000] Wrote video_id=122827 | split=train | frames=69 | time=17.93s
[510/5000] Wrote video_id=122828 | split=train | frames=34 | time=9.12s
[511/5000] Wrote video_id=122829 | split=train | frames=63 | time=15.38s
[512/5000] Wrote video_id=122830 | split=train | frames=31 | time=8.36s
[513/5000] Wrote video_id=122831 | split=train | frames=46 | time=10.98s
[514/5000] Wrote video_id=122832 | split=train | frames=64 | time=15.94s
[515/5000] Wrote video_id=122833 | split=train | frames=45 | time=9.17s
[516/5000] Wrote video_id=122834 | split=train | frames=61 | time=15.69s
[517/5000] Wrote video_id=122835 | split=train | frames=32 | time=6.91s
[518/5000] Wrote video_id=122836 | split=train | frames=61 | time=14.56s
[519/5000] Wrote video_id=122837 | split=train | frames=30 | time=6.07s
[520/5000] Wrote video_id=122838 | split=train | frames=61 | time=14.00s
[521/5000] Wrote video_id=122839 | split=train | frames=61 | time=13.13s
[522/5000] Wrote video_id=122840 | split=train | frames=63 | time=15.76s
[523/5000] Wrote video_id=122841 | split=train | frames=63 | time=16.42s
[524/5000] Wrote video_id=122842 | split=train | frames=45 | time=12.19s
[525/5000] Wrote video_id=122843 | split=train | frames=60 | time=15.99s
[526/5000] Wrote video_id=122844 | split=train | frames=56 | time=14.95s
[527/5000] Wrote video_id=122849 | split=train | frames=33 | time=8.89s
[528/5000] Wrote video_id=122851 | split=train | frames=42 | time=10.35s
[529/5000] Wrote video_id=122852 | split=train | frames=44 | time=11.88s
[530/5000] Wrote video_id=122854 | split=train | frames=56 | time=14.74s
[531/5000] Wrote video_id=122855 | split=train | frames=43 | time=11.03s
[532/5000] Wrote video_id=122856 | split=train | frames=39 | time=10.52s
[533/5000] Wrote video_id=122857 | split=train | frames=38 | time=9.08s
[534/5000] Wrote video_id=122858 | split=train | frames=33 | time=8.92s
[535/5000] Wrote video_id=122861 | split=train | frames=49 | time=12.25s
[536/5000] Wrote video_id=122862 | split=train | frames=64 | time=14.28s
[537/5000] Wrote video_id=122863 | split=train | frames=47 | time=9.95s
[538/5000] Wrote video_id=122864 | split=train | frames=35 | time=8.96s
[539/5000] Wrote video_id=122865 | split=train | frames=59 | time=15.89s
[540/5000] Wrote video_id=122867 | split=train | frames=48 | time=11.67s
[541/5000] Wrote video_id=122868 | split=train | frames=45 | time=12.09s
[542/5000] Wrote video_id=122869 | split=train | frames=42 | time=11.26s
[543/5000] Wrote video_id=122870 | split=train | frames=32 | time=7.43s
[544/5000] Wrote video_id=122871 | split=train | frames=18 | time=3.77s
[545/5000] Wrote video_id=122872 | split=train | frames=35 | time=8.64s
[546/5000] Wrote video_id=122873 | split=train | frames=46 | time=12.43s
[547/5000] Wrote video_id=122874 | split=train | frames=53 | time=12.47s
[548/5000] Wrote video_id=122875 | split=train | frames=63 | time=16.83s
[549/5000] Wrote video_id=122876 | split=train | frames=51 | time=13.55s
[550/5000] Wrote video_id=122877 | split=train | frames=62 | time=16.73s
[551/5000] Wrote video_id=122878 | split=train | frames=38 | time=10.20s
[552/5000] Wrote video_id=122880 | split=train | frames=52 | time=13.37s
[553/5000] Wrote video_id=122881 | split=train | frames=45 | time=11.17s
[554/5000] Wrote video_id=122882 | split=train | frames=51 | time=10.21s
[555/5000] Wrote video_id=122883 | split=train | frames=40 | time=9.76s
[556/5000] Wrote video_id=122886 | split=train | frames=52 | time=12.39s
[557/5000] Wrote video_id=122888 | split=train | frames=39 | time=10.47s
[558/5000] Wrote video_id=122889 | split=train | frames=24 | time=5.87s
[559/5000] Wrote video_id=122890 | split=train | frames=50 | time=11.43s
[560/5000] Wrote video_id=122891 | split=train | frames=37 | time=9.01s
[561/5000] Wrote video_id=122892 | split=train | frames=38 | time=8.06s
[562/5000] Wrote video_id=122894 | split=train | frames=36 | time=7.96s
[563/5000] Wrote video_id=122895 | split=train | frames=36 | time=7.96s
[564/5000] Wrote video_id=122896 | split=train | frames=36 | time=9.04s
[565/5000] Wrote video_id=122897 | split=train | frames=61 | time=15.89s
[566/5000] Wrote video_id=122898 | split=train | frames=44 | time=9.56s
[567/5000] Wrote video_id=122900 | split=train | frames=42 | time=9.37s
[568/5000] Wrote video_id=122901 | split=train | frames=42 | time=9.40s
[569/5000] Wrote video_id=122903 | split=train | frames=33 | time=6.68s
[570/5000] Wrote video_id=122904 | split=train | frames=67 | time=15.53s
[571/5000] Wrote video_id=122905 | split=train | frames=43 | time=9.06s
[572/5000] Wrote video_id=122906 | split=train | frames=48 | time=12.86s
[573/5000] Wrote video_id=122907 | split=train | frames=62 | time=16.32s
