/usr/local/lib/python3.10/dist-packages/google/api_core/_python_version_support.py:273: FutureWarning: You are using a Python version (3.10.12) which Google will stop supporting in new releases of google.api_core once it reaches its end of life (2026-10-04). Please upgrade to the latest Python version, or at least Python 3.11, to continue receiving updates for google.api_core past that date.
  warnings.warn(message, FutureWarning)
/usr/local/lib/python3.10/dist-packages/google/api_core/_python_version_support.py:273: FutureWarning: You are using a Python version (3.10.12) which Google will stop supporting in new releases of google.cloud.storage_control_v2 once it reaches its end of life (2026-10-04). Please upgrade to the latest Python version, or at least Python 3.11, to continue receiving updates for google.cloud.storage_control_v2 past that date.
  warnings.warn(message, FutureWarning)
frames_root: /datasets/ssv2/nips/frames_train
videos_to_process: 5000
first_video: 128758 | last_video: 135306
2026-04-26 15:54:23.856158: E external/local_xla/xla/stream_executor/cuda/cuda_dnn.cc:9261] Unable to register cuDNN factory: Attempting to register factory for plugin cuDNN when one has already been registered
2026-04-26 15:54:23.856201: E external/local_xla/xla/stream_executor/cuda/cuda_fft.cc:607] Unable to register cuFFT factory: Attempting to register factory for plugin cuFFT when one has already been registered
2026-04-26 15:54:23.857177: E external/local_xla/xla/stream_executor/cuda/cuda_blas.cc:1515] Unable to register cuBLAS factory: Attempting to register factory for plugin cuBLAS when one has already been registered
AttributeError: 'MessageFactory' object has no attribute 'GetPrototype'
AttributeError: 'MessageFactory' object has no attribute 'GetPrototype'
AttributeError: 'MessageFactory' object has no attribute 'GetPrototype'
AttributeError: 'MessageFactory' object has no attribute 'GetPrototype'
2026-04-26 15:54:24.653106: W tensorflow/compiler/tf2tensorrt/utils/py_utils.cc:38] TF-TRT Warning: Could not find TensorRT
AttributeError: 'MessageFactory' object has no attribute 'GetPrototype'
[1/5000] Wrote video_id=128758 | split=train | frames=34 | time=17.90s
[2/5000] Wrote video_id=128762 | split=train | frames=65 | time=13.80s
[3/5000] Wrote video_id=128763 | split=train | frames=33 | time=7.69s
[4/5000] Wrote video_id=128764 | split=train | frames=31 | time=7.66s
[5/5000] Wrote video_id=128765 | split=train | frames=57 | time=14.09s
[6/5000] Wrote video_id=128766 | split=train | frames=62 | time=15.02s
[7/5000] Wrote video_id=128767 | split=train | frames=31 | time=7.46s
[8/5000] Wrote video_id=128768 | split=train | frames=30 | time=5.78s
[9/5000] Wrote video_id=128769 | split=train | frames=32 | time=6.82s
[10/5000] Wrote video_id=128771 | split=train | frames=34 | time=8.01s
[11/5000] Wrote video_id=128772 | split=train | frames=40 | time=9.00s
[12/5000] Wrote video_id=128773 | split=train | frames=21 | time=5.27s
[13/5000] Wrote video_id=128774 | split=train | frames=46 | time=11.55s
[14/5000] Wrote video_id=128775 | split=train | frames=31 | time=7.15s
[15/5000] Wrote video_id=128776 | split=train | frames=37 | time=9.16s
[16/5000] Wrote video_id=128778 | split=train | frames=33 | time=8.10s
[17/5000] Wrote video_id=128779 | split=train | frames=23 | time=4.42s
[18/5000] Wrote video_id=128780 | split=train | frames=50 | time=11.26s
[19/5000] Wrote video_id=128781 | split=train | frames=25 | time=6.29s
[20/5000] Wrote video_id=128782 | split=train | frames=23 | time=4.70s
[21/5000] Wrote video_id=128783 | split=train | frames=59 | time=13.45s
[22/5000] Wrote video_id=128784 | split=train | frames=40 | time=9.60s
[23/5000] Wrote video_id=128785 | split=train | frames=45 | time=10.28s
[24/5000] Wrote video_id=128787 | split=train | frames=22 | time=5.46s
[25/5000] Wrote video_id=128788 | split=train | frames=61 | time=13.65s
[26/5000] Wrote video_id=128789 | split=train | frames=42 | time=9.81s
[27/5000] Wrote video_id=128790 | split=train | frames=50 | time=12.58s
[28/5000] Wrote video_id=128791 | split=train | frames=60 | time=14.84s
[29/5000] Wrote video_id=128792 | split=train | frames=55 | time=11.40s
[30/5000] Wrote video_id=128795 | split=train | frames=24 | time=5.22s
[31/5000] Wrote video_id=128796 | split=train | frames=52 | time=13.07s
[32/5000] Wrote video_id=128798 | split=train | frames=29 | time=6.14s
[33/5000] Wrote video_id=128804 | split=train | frames=45 | time=9.91s
[34/5000] Wrote video_id=128805 | split=train | frames=44 | time=8.98s
[35/5000] Wrote video_id=128806 | split=train | frames=49 | time=10.80s
[36/5000] Wrote video_id=128807 | split=train | frames=70 | time=17.60s
[37/5000] Wrote video_id=128808 | split=train | frames=50 | time=11.32s
[38/5000] Wrote video_id=128809 | split=train | frames=39 | time=9.29s
[39/5000] Wrote video_id=128810 | split=train | frames=55 | time=12.23s
[40/5000] Wrote video_id=128811 | split=train | frames=60 | time=14.21s
[41/5000] Wrote video_id=128812 | split=train | frames=55 | time=11.61s
[42/5000] Wrote video_id=128814 | split=train | frames=41 | time=9.71s
[43/5000] Wrote video_id=128815 | split=train | frames=54 | time=11.87s
[44/5000] Wrote video_id=128816 | split=train | frames=21 | time=5.14s
[45/5000] Wrote video_id=128817 | split=train | frames=65 | time=13.19s
[46/5000] Wrote video_id=128819 | split=train | frames=42 | time=10.55s
[47/5000] Wrote video_id=128820 | split=train | frames=31 | time=6.17s
[48/5000] Wrote video_id=128821 | split=train | frames=54 | time=11.40s
[49/5000] Wrote video_id=128822 | split=train | frames=25 | time=5.55s
[50/5000] Wrote video_id=128823 | split=train | frames=45 | time=8.14s
[51/5000] Wrote video_id=128824 | split=train | frames=49 | time=12.29s
[52/5000] Wrote video_id=128825 | split=train | frames=20 | time=4.56s
[53/5000] Wrote video_id=128827 | split=train | frames=63 | time=15.29s
[54/5000] Wrote video_id=128829 | split=train | frames=37 | time=9.03s
[55/5000] Wrote video_id=128830 | split=train | frames=32 | time=6.94s
[56/5000] Wrote video_id=128831 | split=train | frames=52 | time=12.39s
[57/5000] Wrote video_id=128834 | split=train | frames=39 | time=9.51s
[58/5000] Wrote video_id=128835 | split=train | frames=53 | time=11.34s
[59/5000] Wrote video_id=128836 | split=train | frames=30 | time=6.25s
[60/5000] Wrote video_id=128837 | split=train | frames=51 | time=11.10s
[61/5000] Wrote video_id=128838 | split=train | frames=38 | time=9.53s
[62/5000] Wrote video_id=128839 | split=train | frames=43 | time=10.60s
[63/5000] Wrote video_id=128841 | split=train | frames=48 | time=12.07s
[64/5000] Wrote video_id=128843 | split=train | frames=48 | time=12.00s
[65/5000] Wrote video_id=128845 | split=train | frames=29 | time=7.29s
[66/5000] Wrote video_id=128846 | split=train | frames=34 | time=7.22s
[67/5000] Wrote video_id=128847 | split=train | frames=46 | time=8.64s
[68/5000] Wrote video_id=128848 | split=train | frames=66 | time=16.48s
[69/5000] Wrote video_id=128850 | split=train | frames=36 | time=6.50s
[70/5000] Wrote video_id=128851 | split=train | frames=54 | time=11.96s
[71/5000] Wrote video_id=128852 | split=train | frames=45 | time=11.28s
[72/5000] Wrote video_id=128853 | split=train | frames=32 | time=7.07s
[73/5000] Wrote video_id=128854 | split=train | frames=33 | time=7.74s
[74/5000] Wrote video_id=128855 | split=train | frames=38 | time=9.20s
[75/5000] Wrote video_id=128856 | split=train | frames=31 | time=7.19s
[76/5000] Wrote video_id=128857 | split=train | frames=26 | time=6.30s
[77/5000] Wrote video_id=128858 | split=train | frames=19 | time=4.78s
[78/5000] Wrote video_id=128859 | split=train | frames=35 | time=8.26s
[79/5000] Wrote video_id=128862 | split=train | frames=53 | time=11.49s
[80/5000] Wrote video_id=128863 | split=train | frames=65 | time=16.32s
[81/5000] Wrote video_id=128864 | split=train | frames=46 | time=10.40s
[82/5000] Wrote video_id=128865 | split=train | frames=48 | time=11.22s
[83/5000] Wrote video_id=128867 | split=train | frames=59 | time=13.00s
[84/5000] Wrote video_id=128869 | split=train | frames=57 | time=13.25s
[85/5000] Wrote video_id=128870 | split=train | frames=33 | time=8.30s
[86/5000] Wrote video_id=128871 | split=train | frames=42 | time=10.19s
[87/5000] Wrote video_id=128873 | split=train | frames=61 | time=14.35s
[88/5000] Wrote video_id=128874 | split=train | frames=44 | time=10.35s
[89/5000] Wrote video_id=128877 | split=train | frames=41 | time=8.30s
[90/5000] Wrote video_id=128878 | split=train | frames=36 | time=9.05s
[91/5000] Wrote video_id=128879 | split=train | frames=32 | time=7.29s
[92/5000] Wrote video_id=128880 | split=train | frames=35 | time=8.80s
[93/5000] Wrote video_id=128881 | split=train | frames=26 | time=5.48s
[94/5000] Wrote video_id=128882 | split=train | frames=52 | time=12.87s
[95/5000] Wrote video_id=128883 | split=train | frames=68 | time=13.91s
[96/5000] Wrote video_id=128884 | split=train | frames=54 | time=13.58s
[97/5000] Wrote video_id=128886 | split=train | frames=36 | time=8.03s
[98/5000] Wrote video_id=128888 | split=train | frames=40 | time=8.22s
[99/5000] Wrote video_id=128889 | split=train | frames=48 | time=10.42s
[100/5000] Wrote video_id=128890 | split=train | frames=61 | time=13.16s
[101/5000] Wrote video_id=128891 | split=train | frames=49 | time=9.89s
[102/5000] Wrote video_id=128893 | split=train | frames=45 | time=10.42s
[103/5000] Wrote video_id=128897 | split=train | frames=35 | time=6.53s
[104/5000] Wrote video_id=128898 | split=train | frames=64 | time=13.50s
[105/5000] Wrote video_id=128899 | split=train | frames=53 | time=12.64s
[106/5000] Wrote video_id=128900 | split=train | frames=28 | time=6.33s
[107/5000] Wrote video_id=128902 | split=train | frames=40 | time=10.06s
[108/5000] Wrote video_id=128903 | split=train | frames=36 | time=8.69s
[109/5000] Wrote video_id=128904 | split=train | frames=28 | time=6.33s
[110/5000] Wrote video_id=128905 | split=train | frames=33 | time=6.78s
[111/5000] Wrote video_id=128907 | split=train | frames=28 | time=6.42s
[112/5000] Wrote video_id=128908 | split=train | frames=40 | time=8.87s
[113/5000] Wrote video_id=128909 | split=train | frames=68 | time=15.60s
[114/5000] Wrote video_id=128910 | split=train | frames=51 | time=12.36s
[115/5000] Wrote video_id=128912 | split=train | frames=51 | time=10.46s
[116/5000] Wrote video_id=128913 | split=train | frames=37 | time=9.29s
[117/5000] Wrote video_id=128914 | split=train | frames=24 | time=5.80s
[118/5000] Wrote video_id=128915 | split=train | frames=22 | time=5.31s
[119/5000] Wrote video_id=128916 | split=train | frames=69 | time=14.37s
[120/5000] Wrote video_id=128917 | split=train | frames=51 | time=12.80s
[121/5000] Wrote video_id=128918 | split=train | frames=30 | time=6.58s
[122/5000] Wrote video_id=128919 | split=train | frames=52 | time=12.15s
[123/5000] Wrote video_id=128920 | split=train | frames=44 | time=8.55s
[124/5000] Wrote video_id=128921 | split=train | frames=41 | time=10.16s
[125/5000] Wrote video_id=128922 | split=train | frames=30 | time=6.90s
[126/5000] Wrote video_id=128923 | split=train | frames=63 | time=15.21s
[127/5000] Wrote video_id=128925 | split=train | frames=24 | time=5.93s
[128/5000] Wrote video_id=128926 | split=train | frames=42 | time=10.52s
[129/5000] Wrote video_id=128927 | split=train | frames=21 | time=5.25s
[130/5000] Wrote video_id=128928 | split=train | frames=34 | time=6.25s
[131/5000] Wrote video_id=128929 | split=train | frames=41 | time=8.68s
[132/5000] Wrote video_id=128930 | split=train | frames=35 | time=7.60s
[133/5000] Wrote video_id=128932 | split=train | frames=47 | time=10.07s
[134/5000] Wrote video_id=128933 | split=train | frames=43 | time=10.73s
[135/5000] Wrote video_id=128935 | split=train | frames=61 | time=13.36s
[136/5000] Wrote video_id=128936 | split=train | frames=33 | time=6.51s
[137/5000] Wrote video_id=128937 | split=train | frames=26 | time=5.21s
[138/5000] Wrote video_id=128938 | split=train | frames=40 | time=7.44s
[139/5000] Wrote video_id=128940 | split=train | frames=57 | time=11.72s
[140/5000] Wrote video_id=128942 | split=train | frames=46 | time=10.48s
[141/5000] Wrote video_id=128943 | split=train | frames=45 | time=10.71s
[142/5000] Wrote video_id=128944 | split=train | frames=32 | time=5.78s
[143/5000] Wrote video_id=128945 | split=train | frames=28 | time=7.03s
[144/5000] Wrote video_id=128946 | split=train | frames=55 | time=13.82s
[145/5000] Wrote video_id=128947 | split=train | frames=48 | time=11.79s
[146/5000] Wrote video_id=128948 | split=train | frames=56 | time=12.80s
[147/5000] Wrote video_id=128949 | split=train | frames=30 | time=6.15s
[148/5000] Wrote video_id=128950 | split=train | frames=38 | time=8.09s
[149/5000] Wrote video_id=128951 | split=train | frames=53 | time=11.91s
[150/5000] Wrote video_id=128953 | split=train | frames=33 | time=7.69s
[151/5000] Wrote video_id=128955 | split=train | frames=57 | time=10.60s
[152/5000] Wrote video_id=128958 | split=train | frames=52 | time=10.41s
[153/5000] Wrote video_id=128959 | split=train | frames=52 | time=12.74s
[154/5000] Wrote video_id=128960 | split=train | frames=38 | time=8.70s
[155/5000] Wrote video_id=128962 | split=train | frames=42 | time=8.49s
[156/5000] Wrote video_id=128965 | split=train | frames=38 | time=8.03s
[157/5000] Wrote video_id=128966 | split=train | frames=30 | time=6.95s
[158/5000] Wrote video_id=128967 | split=train | frames=47 | time=10.96s
[159/5000] Wrote video_id=128969 | split=train | frames=36 | time=8.15s
[160/5000] Wrote video_id=128970 | split=train | frames=62 | time=15.14s
[161/5000] Wrote video_id=128971 | split=train | frames=34 | time=7.87s
[162/5000] Wrote video_id=128972 | split=train | frames=52 | time=12.20s
[163/5000] Wrote video_id=128974 | split=train | frames=46 | time=9.85s
[164/5000] Wrote video_id=128978 | split=train | frames=61 | time=11.59s
[165/5000] Wrote video_id=128979 | split=train | frames=35 | time=6.33s
[166/5000] Wrote video_id=128980 | split=train | frames=41 | time=10.05s
[167/5000] Wrote video_id=128981 | split=train | frames=50 | time=10.02s
[168/5000] Wrote video_id=128983 | split=train | frames=55 | time=13.86s
[169/5000] Wrote video_id=128985 | split=train | frames=63 | time=14.95s
[170/5000] Wrote video_id=128986 | split=train | frames=35 | time=8.55s
[171/5000] Wrote video_id=128988 | split=train | frames=23 | time=4.98s
[172/5000] Wrote video_id=128989 | split=train | frames=34 | time=7.25s
[173/5000] Wrote video_id=128990 | split=train | frames=40 | time=10.07s
[174/5000] Wrote video_id=128991 | split=train | frames=48 | time=12.05s
[175/5000] Wrote video_id=128992 | split=train | frames=38 | time=7.79s
[176/5000] Wrote video_id=128993 | split=train | frames=24 | time=4.74s
[177/5000] Wrote video_id=128995 | split=train | frames=42 | time=8.19s
[178/5000] Wrote video_id=128997 | split=train | frames=40 | time=9.47s
[179/5000] Wrote video_id=128998 | split=train | frames=27 | time=5.43s
[180/5000] Wrote video_id=128999 | split=train | frames=46 | time=9.15s
[181/5000] Wrote video_id=129000 | split=train | frames=62 | time=14.98s
[182/5000] Wrote video_id=129003 | split=train | frames=38 | time=7.95s
[183/5000] Wrote video_id=129004 | split=train | frames=53 | time=10.49s
[184/5000] Wrote video_id=129005 | split=train | frames=59 | time=12.26s
[185/5000] Wrote video_id=129006 | split=train | frames=56 | time=13.97s
[186/5000] Wrote video_id=129007 | split=train | frames=64 | time=15.02s
[187/5000] Wrote video_id=129008 | split=train | frames=56 | time=13.79s
[188/5000] Wrote video_id=129009 | split=train | frames=33 | time=7.21s
[189/5000] Wrote video_id=129010 | split=train | frames=53 | time=12.68s
[190/5000] Wrote video_id=129011 | split=train | frames=46 | time=11.10s
[191/5000] Wrote video_id=129012 | split=train | frames=44 | time=11.06s
[192/5000] Wrote video_id=129013 | split=train | frames=40 | time=9.40s
[193/5000] Wrote video_id=129015 | split=train | frames=30 | time=6.34s
[194/5000] Wrote video_id=129016 | split=train | frames=53 | time=10.35s
[195/5000] Wrote video_id=129017 | split=train | frames=73 | time=15.96s
[196/5000] Wrote video_id=129018 | split=train | frames=57 | time=13.76s
[197/5000] Wrote video_id=129020 | split=train | frames=52 | time=10.42s
[198/5000] Wrote video_id=129021 | split=train | frames=21 | time=5.18s
[199/5000] Wrote video_id=129022 | split=train | frames=45 | time=10.72s
[200/5000] Wrote video_id=129023 | split=train | frames=42 | time=8.49s
[201/5000] Wrote video_id=129024 | split=train | frames=42 | time=8.62s
[202/5000] Wrote video_id=129026 | split=train | frames=62 | time=12.95s
[203/5000] Wrote video_id=129027 | split=train | frames=32 | time=7.41s
[204/5000] Wrote video_id=129028 | split=train | frames=30 | time=6.07s
[205/5000] Wrote video_id=129029 | split=train | frames=50 | time=9.31s
[206/5000] Wrote video_id=129030 | split=train | frames=38 | time=9.55s
[207/5000] Wrote video_id=129031 | split=train | frames=35 | time=8.58s
[208/5000] Wrote video_id=129032 | split=train | frames=40 | time=7.46s
[209/5000] Wrote video_id=129034 | split=train | frames=47 | time=10.91s
[210/5000] Wrote video_id=129035 | split=train | frames=26 | time=6.26s
[211/5000] Wrote video_id=129036 | split=train | frames=59 | time=10.74s
[212/5000] Wrote video_id=129037 | split=train | frames=39 | time=9.13s
[213/5000] Wrote video_id=129038 | split=train | frames=57 | time=12.02s
[214/5000] Wrote video_id=129040 | split=train | frames=42 | time=10.51s
[215/5000] Wrote video_id=129041 | split=train | frames=67 | time=15.63s
[216/5000] Wrote video_id=129042 | split=train | frames=38 | time=8.01s
[217/5000] Wrote video_id=129043 | split=train | frames=51 | time=11.96s
[218/5000] Wrote video_id=129044 | split=train | frames=47 | time=11.35s
[219/5000] Wrote video_id=129045 | split=train | frames=38 | time=7.45s
[220/5000] Wrote video_id=129047 | split=train | frames=54 | time=11.10s
[221/5000] Wrote video_id=129048 | split=train | frames=60 | time=13.63s
[222/5000] Wrote video_id=129050 | split=train | frames=45 | time=11.26s
[223/5000] Wrote video_id=129051 | split=train | frames=48 | time=12.05s
[224/5000] Wrote video_id=129052 | split=train | frames=49 | time=8.91s
[225/5000] Wrote video_id=129053 | split=train | frames=63 | time=14.26s
[226/5000] Wrote video_id=129054 | split=train | frames=58 | time=13.61s
[227/5000] Wrote video_id=129055 | split=train | frames=43 | time=10.80s
[228/5000] Wrote video_id=129056 | split=train | frames=64 | time=14.49s
[229/5000] Wrote video_id=129058 | split=train | frames=17 | time=4.08s
[230/5000] Wrote video_id=129060 | split=train | frames=64 | time=14.90s
[231/5000] Wrote video_id=129061 | split=train | frames=30 | time=7.07s
[232/5000] Wrote video_id=129062 | split=train | frames=51 | time=12.38s
[233/5000] Wrote video_id=129063 | split=train | frames=22 | time=5.53s
[234/5000] Wrote video_id=129065 | split=train | frames=40 | time=7.70s
[235/5000] Wrote video_id=129066 | split=train | frames=34 | time=8.14s
[236/5000] Wrote video_id=129067 | split=train | frames=39 | time=9.80s
[237/5000] Wrote video_id=129068 | split=train | frames=62 | time=14.99s
[238/5000] Wrote video_id=129070 | split=train | frames=59 | time=14.61s
[239/5000] Wrote video_id=129072 | split=train | frames=40 | time=9.98s
[240/5000] Wrote video_id=129074 | split=train | frames=40 | time=10.07s
[241/5000] Wrote video_id=129075 | split=train | frames=49 | time=12.32s
[242/5000] Wrote video_id=129076 | split=train | frames=58 | time=14.60s
[243/5000] Wrote video_id=129078 | split=train | frames=43 | time=8.64s
[244/5000] Wrote video_id=129079 | split=train | frames=58 | time=13.08s
[245/5000] Wrote video_id=129080 | split=train | frames=52 | time=12.60s
[246/5000] Wrote video_id=129081 | split=train | frames=17 | time=4.13s
[247/5000] Wrote video_id=129082 | split=train | frames=52 | time=12.51s
[248/5000] Wrote video_id=129083 | split=train | frames=43 | time=10.67s
[249/5000] Wrote video_id=129084 | split=train | frames=46 | time=10.86s
[250/5000] Wrote video_id=129085 | split=train | frames=46 | time=11.36s
[251/5000] Wrote video_id=129086 | split=train | frames=40 | time=9.27s
[252/5000] Wrote video_id=129087 | split=train | frames=49 | time=9.15s
[253/5000] Wrote video_id=129088 | split=train | frames=58 | time=10.50s
[254/5000] Wrote video_id=129089 | split=train | frames=46 | time=10.28s
[255/5000] Wrote video_id=129091 | split=train | frames=52 | time=12.54s
[256/5000] Wrote video_id=129092 | split=train | frames=35 | time=6.85s
[257/5000] Wrote video_id=129093 | split=train | frames=54 | time=11.70s
[258/5000] Wrote video_id=129094 | split=train | frames=55 | time=10.25s
[259/5000] Wrote video_id=129095 | split=train | frames=29 | time=6.04s
[260/5000] Wrote video_id=129097 | split=train | frames=68 | time=16.72s
[261/5000] Wrote video_id=129098 | split=train | frames=67 | time=13.75s
[262/5000] Wrote video_id=129099 | split=train | frames=68 | time=15.92s
[263/5000] Wrote video_id=129100 | split=train | frames=42 | time=9.75s
[264/5000] Wrote video_id=129102 | split=train | frames=65 | time=13.59s
[265/5000] Wrote video_id=129103 | split=train | frames=51 | time=12.39s
[266/5000] Wrote video_id=129104 | split=train | frames=31 | time=7.37s
[267/5000] Wrote video_id=129106 | split=train | frames=39 | time=7.81s
[268/5000] Wrote video_id=129107 | split=train | frames=60 | time=13.04s
[269/5000] Wrote video_id=129108 | split=train | frames=43 | time=10.80s
[270/5000] Wrote video_id=129109 | split=train | frames=55 | time=12.25s
[271/5000] Wrote video_id=129110 | split=train | frames=60 | time=15.08s
[272/5000] Wrote video_id=129111 | split=train | frames=40 | time=7.96s
[273/5000] Wrote video_id=129112 | split=train | frames=66 | time=15.22s
[274/5000] Wrote video_id=129114 | split=train | frames=55 | time=13.78s
[275/5000] Wrote video_id=129115 | split=train | frames=51 | time=12.83s
[276/5000] Wrote video_id=129116 | split=train | frames=39 | time=9.44s
[277/5000] Wrote video_id=129117 | split=train | frames=44 | time=10.29s
[278/5000] Wrote video_id=129119 | split=train | frames=31 | time=7.39s
[279/5000] Wrote video_id=129120 | split=train | frames=44 | time=7.94s
[280/5000] Wrote video_id=129121 | split=train | frames=41 | time=10.15s
[281/5000] Wrote video_id=129122 | split=train | frames=25 | time=5.85s
[282/5000] Wrote video_id=129124 | split=train | frames=64 | time=15.24s
[283/5000] Wrote video_id=129125 | split=train | frames=32 | time=7.15s
[284/5000] Wrote video_id=129127 | split=train | frames=23 | time=5.36s
[285/5000] Wrote video_id=129129 | split=train | frames=53 | time=13.32s
[286/5000] Wrote video_id=129130 | split=train | frames=65 | time=16.08s
[287/5000] Wrote video_id=129131 | split=train | frames=56 | time=12.26s
[288/5000] Wrote video_id=129132 | split=train | frames=43 | time=9.87s
[289/5000] Wrote video_id=129133 | split=train | frames=56 | time=12.18s
[290/5000] Wrote video_id=129134 | split=train | frames=52 | time=10.29s
[291/5000] Wrote video_id=129135 | split=train | frames=36 | time=7.91s
[292/5000] Wrote video_id=129137 | split=train | frames=34 | time=7.21s
[293/5000] Wrote video_id=129138 | split=train | frames=41 | time=9.34s
[294/5000] Wrote video_id=129139 | split=train | frames=52 | time=13.05s
[295/5000] Wrote video_id=129140 | split=train | frames=29 | time=7.30s
[296/5000] Wrote video_id=129141 | split=train | frames=48 | time=11.70s
[297/5000] Wrote video_id=129142 | split=train | frames=47 | time=9.02s
[298/5000] Wrote video_id=129143 | split=train | frames=42 | time=9.99s
[299/5000] Wrote video_id=129144 | split=train | frames=28 | time=6.88s
[300/5000] Wrote video_id=129146 | split=train | frames=38 | time=8.11s
[301/5000] Wrote video_id=129149 | split=train | frames=42 | time=8.90s
[302/5000] Wrote video_id=129150 | split=train | frames=45 | time=9.66s
[303/5000] Wrote video_id=129151 | split=train | frames=32 | time=7.48s
[304/5000] Wrote video_id=129152 | split=train | frames=26 | time=6.06s
[305/5000] Wrote video_id=129153 | split=train | frames=33 | time=7.17s
[306/5000] Wrote video_id=129154 | split=train | frames=61 | time=15.18s
[307/5000] Wrote video_id=129155 | split=train | frames=31 | time=7.65s
[308/5000] Wrote video_id=129156 | split=train | frames=50 | time=11.04s
[309/5000] Wrote video_id=129157 | split=train | frames=28 | time=6.89s
[310/5000] Wrote video_id=129158 | split=train | frames=58 | time=10.46s
[311/5000] Wrote video_id=129159 | split=train | frames=30 | time=7.53s
[312/5000] Wrote video_id=129160 | split=train | frames=29 | time=6.31s
[313/5000] Wrote video_id=129161 | split=train | frames=41 | time=10.04s
[314/5000] Wrote video_id=129162 | split=train | frames=37 | time=9.30s
[315/5000] Wrote video_id=129163 | split=train | frames=37 | time=7.91s
[316/5000] Wrote video_id=129164 | split=train | frames=58 | time=14.02s
[317/5000] Wrote video_id=129165 | split=train | frames=30 | time=6.46s
[318/5000] Wrote video_id=129166 | split=train | frames=33 | time=6.13s
[319/5000] Wrote video_id=129167 | split=train | frames=71 | time=17.19s
[320/5000] Wrote video_id=129168 | split=train | frames=55 | time=13.30s
[321/5000] Wrote video_id=129169 | split=train | frames=65 | time=13.11s
[322/5000] Wrote video_id=129170 | split=train | frames=53 | time=11.44s
[323/5000] Wrote video_id=129173 | split=train | frames=64 | time=16.02s
[324/5000] Wrote video_id=129174 | split=train | frames=46 | time=10.92s
[325/5000] Wrote video_id=129175 | split=train | frames=58 | time=12.18s
[326/5000] Wrote video_id=129176 | split=train | frames=58 | time=13.40s
[327/5000] Wrote video_id=129177 | split=train | frames=36 | time=7.85s
[328/5000] Wrote video_id=129178 | split=train | frames=41 | time=8.93s
[329/5000] Wrote video_id=129179 | split=train | frames=27 | time=5.96s
[330/5000] Wrote video_id=129180 | split=train | frames=56 | time=13.99s
[331/5000] Wrote video_id=129182 | split=train | frames=41 | time=7.66s
[332/5000] Wrote video_id=129183 | split=train | frames=48 | time=11.54s
[333/5000] Wrote video_id=129185 | split=train | frames=44 | time=10.01s
[334/5000] Wrote video_id=129188 | split=train | frames=65 | time=13.41s
[335/5000] Wrote video_id=129190 | split=train | frames=35 | time=6.46s
[336/5000] Wrote video_id=129191 | split=train | frames=58 | time=14.56s
[337/5000] Wrote video_id=129192 | split=train | frames=31 | time=7.46s
[338/5000] Wrote video_id=129193 | split=train | frames=35 | time=7.60s
[339/5000] Wrote video_id=129194 | split=train | frames=58 | time=13.78s
[340/5000] Wrote video_id=129195 | split=train | frames=58 | time=14.08s
[341/5000] Wrote video_id=129196 | split=train | frames=70 | time=16.02s
[342/5000] Wrote video_id=129197 | split=train | frames=21 | time=4.87s
[343/5000] Wrote video_id=129198 | split=train | frames=43 | time=10.06s
[344/5000] Wrote video_id=129199 | split=train | frames=42 | time=10.06s
[345/5000] Wrote video_id=129200 | split=train | frames=39 | time=8.86s
[346/5000] Wrote video_id=129201 | split=train | frames=40 | time=8.09s
[347/5000] Wrote video_id=129202 | split=train | frames=47 | time=11.20s
[348/5000] Wrote video_id=129203 | split=train | frames=38 | time=9.32s
[349/5000] Wrote video_id=129204 | split=train | frames=45 | time=10.88s
[350/5000] Wrote video_id=129206 | split=train | frames=47 | time=11.80s
[351/5000] Wrote video_id=129207 | split=train | frames=35 | time=6.40s
[352/5000] Wrote video_id=129208 | split=train | frames=62 | time=13.51s
[353/5000] Wrote video_id=129209 | split=train | frames=45 | time=11.30s
[354/5000] Wrote video_id=129211 | split=train | frames=45 | time=11.21s
[355/5000] Wrote video_id=129212 | split=train | frames=36 | time=8.86s
[356/5000] Wrote video_id=129213 | split=train | frames=62 | time=13.16s
[357/5000] Wrote video_id=129214 | split=train | frames=31 | time=6.21s
[358/5000] Wrote video_id=129215 | split=train | frames=25 | time=5.20s
[359/5000] Wrote video_id=129216 | split=train | frames=30 | time=5.75s
[360/5000] Wrote video_id=129218 | split=train | frames=35 | time=7.88s
[361/5000] Wrote video_id=129219 | split=train | frames=40 | time=8.91s
[362/5000] Wrote video_id=129220 | split=train | frames=42 | time=10.50s
[363/5000] Wrote video_id=129221 | split=train | frames=57 | time=12.50s
[364/5000] Wrote video_id=129222 | split=train | frames=56 | time=12.28s
[365/5000] Wrote video_id=129224 | split=train | frames=36 | time=9.04s
[366/5000] Wrote video_id=129225 | split=train | frames=26 | time=5.54s
[367/5000] Wrote video_id=129226 | split=train | frames=49 | time=12.29s
[368/5000] Wrote video_id=129227 | split=train | frames=23 | time=4.38s
[369/5000] Wrote video_id=129228 | split=train | frames=53 | time=13.13s
[370/5000] Wrote video_id=129230 | split=train | frames=63 | time=15.16s
[371/5000] Wrote video_id=129231 | split=train | frames=47 | time=10.97s
[372/5000] Wrote video_id=129232 | split=train | frames=26 | time=5.93s
[373/5000] Wrote video_id=129233 | split=train | frames=35 | time=8.76s
[374/5000] Wrote video_id=129234 | split=train | frames=64 | time=14.21s
[375/5000] Wrote video_id=129235 | split=train | frames=61 | time=15.09s
[376/5000] Wrote video_id=129236 | split=train | frames=32 | time=7.95s
[377/5000] Wrote video_id=129237 | split=train | frames=45 | time=10.78s
[378/5000] Wrote video_id=129238 | split=train | frames=44 | time=9.75s
[379/5000] Wrote video_id=129240 | split=train | frames=34 | time=7.44s
[380/5000] Wrote video_id=129241 | split=train | frames=24 | time=5.82s
[381/5000] Wrote video_id=129242 | split=train | frames=44 | time=10.51s
[382/5000] Wrote video_id=129244 | split=train | frames=53 | time=13.32s
[383/5000] Wrote video_id=129245 | split=train | frames=51 | time=10.86s
[384/5000] Wrote video_id=129248 | split=train | frames=47 | time=9.91s
[385/5000] Wrote video_id=129249 | split=train | frames=51 | time=9.19s
[386/5000] Wrote video_id=129250 | split=train | frames=30 | time=6.74s
[387/5000] Wrote video_id=129252 | split=train | frames=41 | time=9.80s
[388/5000] Wrote video_id=129253 | split=train | frames=50 | time=11.67s
[389/5000] Wrote video_id=129254 | split=train | frames=57 | time=12.07s
[390/5000] Wrote video_id=129256 | split=train | frames=18 | time=4.24s
[391/5000] Wrote video_id=129257 | split=train | frames=41 | time=8.54s
[392/5000] Wrote video_id=129259 | split=train | frames=35 | time=7.40s
[393/5000] Wrote video_id=129261 | split=train | frames=69 | time=15.84s
[394/5000] Wrote video_id=129262 | split=train | frames=72 | time=17.53s
[395/5000] Wrote video_id=129264 | split=train | frames=31 | time=6.65s
[396/5000] Wrote video_id=129265 | split=train | frames=68 | time=14.16s
[397/5000] Wrote video_id=129266 | split=train | frames=44 | time=8.92s
[398/5000] Wrote video_id=129267 | split=train | frames=59 | time=12.13s
[399/5000] Wrote video_id=129268 | split=train | frames=59 | time=14.40s
[400/5000] Wrote video_id=129269 | split=train | frames=35 | time=6.49s
[401/5000] Wrote video_id=129270 | split=train | frames=59 | time=12.09s
[402/5000] Wrote video_id=129273 | split=train | frames=54 | time=10.13s
[403/5000] Wrote video_id=129274 | split=train | frames=28 | time=6.31s
[404/5000] Wrote video_id=129275 | split=train | frames=17 | time=3.52s
[405/5000] Wrote video_id=129276 | split=train | frames=52 | time=11.27s
[406/5000] Wrote video_id=129278 | split=train | frames=63 | time=11.48s
[407/5000] Wrote video_id=129279 | split=train | frames=39 | time=7.03s
[408/5000] Wrote video_id=129281 | split=train | frames=65 | time=15.91s
[409/5000] Wrote video_id=129282 | split=train | frames=41 | time=9.50s
[410/5000] Wrote video_id=129285 | split=train | frames=52 | time=12.78s
[411/5000] Wrote video_id=129287 | split=train | frames=26 | time=6.11s
[412/5000] Wrote video_id=129288 | split=train | frames=39 | time=9.61s
[413/5000] Wrote video_id=129289 | split=train | frames=55 | time=13.14s
[414/5000] Wrote video_id=129290 | split=train | frames=41 | time=7.39s
[415/5000] Wrote video_id=129291 | split=train | frames=36 | time=9.04s
[416/5000] Wrote video_id=129292 | split=train | frames=46 | time=10.16s
[417/5000] Wrote video_id=129293 | split=train | frames=44 | time=10.49s
[418/5000] Wrote video_id=129294 | split=train | frames=66 | time=16.43s
[419/5000] Wrote video_id=129296 | split=train | frames=23 | time=4.72s
[420/5000] Wrote video_id=129299 | split=train | frames=26 | time=6.06s
[421/5000] Wrote video_id=129300 | split=train | frames=47 | time=9.62s
[422/5000] Wrote video_id=129301 | split=train | frames=56 | time=14.06s
[423/5000] Wrote video_id=129302 | split=train | frames=50 | time=12.18s
[424/5000] Wrote video_id=129303 | split=train | frames=38 | time=7.45s
[425/5000] Wrote video_id=129305 | split=train | frames=48 | time=10.39s
[426/5000] Wrote video_id=129308 | split=train | frames=49 | time=10.12s
[427/5000] Wrote video_id=129309 | split=train | frames=37 | time=6.76s
[428/5000] Wrote video_id=129310 | split=train | frames=32 | time=6.47s
[429/5000] Wrote video_id=129311 | split=train | frames=37 | time=7.84s
[430/5000] Wrote video_id=129312 | split=train | frames=38 | time=9.40s
[431/5000] Wrote video_id=129313 | split=train | frames=44 | time=9.58s
[432/5000] Wrote video_id=129316 | split=train | frames=26 | time=6.08s
[433/5000] Wrote video_id=129317 | split=train | frames=58 | time=13.53s
[434/5000] Wrote video_id=129319 | split=train | frames=38 | time=7.03s
[435/5000] Wrote video_id=129320 | split=train | frames=42 | time=10.47s
[436/5000] Wrote video_id=129321 | split=train | frames=50 | time=11.98s
[437/5000] Wrote video_id=129322 | split=train | frames=31 | time=7.50s
[438/5000] Wrote video_id=129323 | split=train | frames=18 | time=4.52s
[439/5000] Wrote video_id=129324 | split=train | frames=23 | time=5.14s
[440/5000] Wrote video_id=129325 | split=train | frames=68 | time=14.56s
[441/5000] Wrote video_id=129326 | split=train | frames=53 | time=10.29s
[442/5000] Wrote video_id=129327 | split=train | frames=67 | time=15.72s
[443/5000] Wrote video_id=129328 | split=train | frames=52 | time=10.62s
[444/5000] Wrote video_id=129329 | split=train | frames=24 | time=5.71s
[445/5000] Wrote video_id=129330 | split=train | frames=48 | time=11.29s
[446/5000] Wrote video_id=129331 | split=train | frames=36 | time=7.45s
[447/5000] Wrote video_id=129332 | split=train | frames=49 | time=10.74s
[448/5000] Wrote video_id=129333 | split=train | frames=26 | time=6.22s
[449/5000] Wrote video_id=129334 | split=train | frames=43 | time=10.39s
[450/5000] Wrote video_id=129335 | split=train | frames=60 | time=15.07s
[451/5000] Wrote video_id=129336 | split=train | frames=56 | time=10.11s
[452/5000] Wrote video_id=129337 | split=train | frames=43 | time=7.75s
[453/5000] Wrote video_id=129338 | split=train | frames=32 | time=7.92s
[454/5000] Wrote video_id=129339 | split=train | frames=38 | time=9.38s
[455/5000] Wrote video_id=129340 | split=train | frames=45 | time=9.47s
[456/5000] Wrote video_id=129341 | split=train | frames=32 | time=7.31s
[457/5000] Wrote video_id=129343 | split=train | frames=61 | time=14.89s
[458/5000] Wrote video_id=129344 | split=train | frames=46 | time=9.49s
[459/5000] Wrote video_id=129345 | split=train | frames=49 | time=9.08s
[460/5000] Wrote video_id=129346 | split=train | frames=48 | time=10.05s
[461/5000] Wrote video_id=129347 | split=train | frames=35 | time=8.04s
[462/5000] Wrote video_id=129348 | split=train | frames=43 | time=10.23s
[463/5000] Wrote video_id=129349 | split=train | frames=57 | time=10.96s
[464/5000] Wrote video_id=129350 | split=train | frames=30 | time=6.45s
[465/5000] Wrote video_id=129351 | split=train | frames=52 | time=11.25s
[466/5000] Wrote video_id=129352 | split=train | frames=39 | time=8.10s
[467/5000] Wrote video_id=129353 | split=train | frames=52 | time=11.96s
[468/5000] Wrote video_id=129354 | split=train | frames=42 | time=10.54s
[469/5000] Wrote video_id=129356 | split=train | frames=54 | time=13.56s
[470/5000] Wrote video_id=129360 | split=train | frames=38 | time=8.96s
[471/5000] Wrote video_id=129362 | split=train | frames=34 | time=8.11s
[472/5000] Wrote video_id=129363 | split=train | frames=42 | time=10.55s
[473/5000] Wrote video_id=129364 | split=train | frames=59 | time=14.26s
[474/5000] Wrote video_id=129365 | split=train | frames=49 | time=11.75s
[475/5000] Wrote video_id=129366 | split=train | frames=44 | time=10.54s
[476/5000] Wrote video_id=129368 | split=train | frames=66 | time=16.04s
[477/5000] Wrote video_id=129369 | split=train | frames=48 | time=10.57s
[478/5000] Wrote video_id=129372 | split=train | frames=46 | time=8.29s
[479/5000] Wrote video_id=129373 | split=train | frames=32 | time=6.51s
[480/5000] Wrote video_id=129374 | split=train | frames=24 | time=5.47s
[481/5000] Wrote video_id=129376 | split=train | frames=58 | time=12.68s
[482/5000] Wrote video_id=129380 | split=train | frames=40 | time=8.01s
[483/5000] Wrote video_id=129381 | split=train | frames=39 | time=9.71s
[484/5000] Wrote video_id=129383 | split=train | frames=68 | time=14.45s
[485/5000] Wrote video_id=129384 | split=train | frames=50 | time=11.72s
[486/5000] Wrote video_id=129385 | split=train | frames=48 | time=11.24s
[487/5000] Wrote video_id=129386 | split=train | frames=46 | time=11.55s
[488/5000] Wrote video_id=129388 | split=train | frames=32 | time=6.82s
[489/5000] Wrote video_id=129389 | split=train | frames=53 | time=12.37s
[490/5000] Wrote video_id=129390 | split=train | frames=40 | time=8.85s
[491/5000] Wrote video_id=129392 | split=train | frames=40 | time=9.97s
[492/5000] Wrote video_id=129393 | split=train | frames=48 | time=11.59s
[493/5000] Wrote video_id=129394 | split=train | frames=50 | time=11.99s
[494/5000] Wrote video_id=129395 | split=train | frames=53 | time=12.66s
[495/5000] Wrote video_id=129396 | split=train | frames=50 | time=11.89s
[496/5000] Wrote video_id=129398 | split=train | frames=61 | time=15.22s
[497/5000] Wrote video_id=129399 | split=train | frames=64 | time=15.00s
[498/5000] Wrote video_id=129402 | split=train | frames=36 | time=8.52s
[499/5000] Wrote video_id=129403 | split=train | frames=56 | time=12.73s
[500/5000] Wrote video_id=129406 | split=train | frames=52 | time=10.72s
[501/5000] Wrote video_id=129407 | split=train | frames=45 | time=10.41s
[502/5000] Wrote video_id=129408 | split=train | frames=64 | time=15.67s
[503/5000] Wrote video_id=129409 | split=train | frames=58 | time=13.98s
[504/5000] Wrote video_id=129411 | split=train | frames=26 | time=6.53s
[505/5000] Wrote video_id=129412 | split=train | frames=59 | time=14.81s
[506/5000] Wrote video_id=129413 | split=train | frames=24 | time=5.07s
[507/5000] Wrote video_id=129414 | split=train | frames=41 | time=9.03s
[508/5000] Wrote video_id=129415 | split=train | frames=44 | time=10.28s
[509/5000] Wrote video_id=129416 | split=train | frames=28 | time=6.54s
[510/5000] Wrote video_id=129418 | split=train | frames=27 | time=6.78s
[511/5000] Wrote video_id=129419 | split=train | frames=43 | time=10.66s
[512/5000] Wrote video_id=129421 | split=train | frames=40 | time=10.05s
[513/5000] Wrote video_id=129422 | split=train | frames=44 | time=9.62s
[514/5000] Wrote video_id=129424 | split=train | frames=56 | time=13.83s
[515/5000] Wrote video_id=129426 | split=train | frames=38 | time=7.60s
[516/5000] Wrote video_id=129428 | split=train | frames=53 | time=13.17s
[517/5000] Wrote video_id=129429 | split=train | frames=43 | time=10.80s
[518/5000] Wrote video_id=129431 | split=train | frames=54 | time=12.65s
[519/5000] Wrote video_id=129433 | split=train | frames=30 | time=7.37s
[520/5000] Wrote video_id=129434 | split=train | frames=31 | time=7.22s
[521/5000] Wrote video_id=129436 | split=train | frames=34 | time=7.84s
[522/5000] Wrote video_id=129437 | split=train | frames=34 | time=7.66s
[523/5000] Wrote video_id=129438 | split=train | frames=51 | time=10.42s
[524/5000] Wrote video_id=129439 | split=train | frames=62 | time=13.56s
[525/5000] Wrote video_id=129440 | split=train | frames=34 | time=8.27s
[526/5000] Wrote video_id=129441 | split=train | frames=73 | time=15.03s
[527/5000] Wrote video_id=129443 | split=train | frames=40 | time=9.93s
[528/5000] Wrote video_id=129444 | split=train | frames=57 | time=14.32s
[529/5000] Wrote video_id=129446 | split=train | frames=35 | time=8.79s
[530/5000] Wrote video_id=129447 | split=train | frames=43 | time=10.80s
[531/5000] Wrote video_id=129448 | split=train | frames=32 | time=7.64s
[532/5000] Wrote video_id=129449 | split=train | frames=31 | time=7.68s
[533/5000] Wrote video_id=129450 | split=train | frames=51 | time=12.54s
[534/5000] Wrote video_id=129452 | split=train | frames=64 | time=15.94s
[535/5000] Wrote video_id=129454 | split=train | frames=40 | time=9.78s
[536/5000] Wrote video_id=129455 | split=train | frames=45 | time=8.13s
[537/5000] Wrote video_id=129459 | split=train | frames=59 | time=12.87s
[538/5000] Wrote video_id=129460 | split=train | frames=49 | time=11.51s
[539/5000] Wrote video_id=129462 | split=train | frames=67 | time=15.57s
[540/5000] Wrote video_id=129463 | split=train | frames=34 | time=8.12s
[541/5000] Wrote video_id=129464 | split=train | frames=34 | time=6.23s
[542/5000] Wrote video_id=129465 | split=train | frames=30 | time=7.26s
[543/5000] Wrote video_id=129466 | split=train | frames=50 | time=12.56s
[544/5000] Wrote video_id=129467 | split=train | frames=62 | time=14.46s
[545/5000] Wrote video_id=129468 | split=train | frames=45 | time=11.31s
[546/5000] Wrote video_id=129469 | split=train | frames=36 | time=9.05s
[547/5000] Wrote video_id=129470 | split=train | frames=59 | time=14.19s
[548/5000] Wrote video_id=129471 | split=train | frames=41 | time=7.47s
[549/5000] Wrote video_id=129472 | split=train | frames=60 | time=14.64s
[550/5000] Wrote video_id=129473 | split=train | frames=46 | time=10.27s
[551/5000] Wrote video_id=129474 | split=train | frames=50 | time=12.36s
[552/5000] Wrote video_id=129475 | split=train | frames=52 | time=12.66s
[553/5000] Wrote video_id=129476 | split=train | frames=54 | time=13.18s
[554/5000] Wrote video_id=129477 | split=train | frames=61 | time=13.65s
[555/5000] Wrote video_id=129478 | split=train | frames=38 | time=7.29s
[556/5000] Wrote video_id=129479 | split=train | frames=51 | time=10.56s
[557/5000] Wrote video_id=129480 | split=train | frames=33 | time=6.71s
[558/5000] Wrote video_id=129481 | split=train | frames=28 | time=5.06s
[559/5000] Wrote video_id=129482 | split=train | frames=63 | time=15.83s
[560/5000] Wrote video_id=129483 | split=train | frames=47 | time=8.65s
[561/5000] Wrote video_id=129484 | split=train | frames=65 | time=15.30s
[562/5000] Wrote video_id=129486 | split=train | frames=50 | time=11.58s
[563/5000] Wrote video_id=129487 | split=train | frames=23 | time=5.19s
[564/5000] Wrote video_id=129490 | split=train | frames=57 | time=12.43s
[565/5000] Wrote video_id=129491 | split=train | frames=50 | time=12.32s
[566/5000] Wrote video_id=129495 | split=train | frames=60 | time=12.93s
[567/5000] Wrote video_id=129497 | split=train | frames=66 | time=14.87s
[568/5000] Wrote video_id=129498 | split=train | frames=49 | time=12.08s
[569/5000] Wrote video_id=129499 | split=train | frames=38 | time=7.83s
[570/5000] Wrote video_id=129500 | split=train | frames=40 | time=9.38s
[571/5000] Wrote video_id=129501 | split=train | frames=23 | time=4.86s
[572/5000] Wrote video_id=129502 | split=train | frames=38 | time=9.55s
[573/5000] Wrote video_id=129503 | split=train | frames=64 | time=12.24s
[574/5000] Wrote video_id=129504 | split=train | frames=49 | time=10.99s
[575/5000] Wrote video_id=129505 | split=train | frames=59 | time=11.82s
[576/5000] Wrote video_id=129506 | split=train | frames=48 | time=10.04s
[577/5000] Wrote video_id=129507 | split=train | frames=23 | time=4.20s
[578/5000] Wrote video_id=129508 | split=train | frames=36 | time=8.07s
[579/5000] Wrote video_id=129510 | split=train | frames=39 | time=9.19s
[580/5000] Wrote video_id=129511 | split=train | frames=29 | time=6.27s
[581/5000] Wrote video_id=129512 | split=train | frames=44 | time=9.31s
[582/5000] Wrote video_id=129514 | split=train | frames=58 | time=13.80s
[583/5000] Wrote video_id=129515 | split=train | frames=32 | time=6.56s
[584/5000] Wrote video_id=129518 | split=train | frames=52 | time=9.38s
[585/5000] Wrote video_id=129520 | split=train | frames=39 | time=9.21s
[586/5000] Wrote video_id=129521 | split=train | frames=49 | time=11.28s
[587/5000] Wrote video_id=129522 | split=train | frames=50 | time=9.03s
[588/5000] Wrote video_id=129523 | split=train | frames=44 | time=9.96s
[589/5000] Wrote video_id=129524 | split=train | frames=34 | time=8.54s
[590/5000] Wrote video_id=129527 | split=train | frames=54 | time=12.56s
[591/5000] Wrote video_id=129528 | split=train | frames=38 | time=6.96s
[592/5000] Wrote video_id=129529 | split=train | frames=32 | time=7.85s
[593/5000] Wrote video_id=129530 | split=train | frames=42 | time=9.23s
[594/5000] Wrote video_id=129531 | split=train | frames=67 | time=16.63s
[595/5000] Wrote video_id=129532 | split=train | frames=43 | time=10.81s
[596/5000] Wrote video_id=129533 | split=train | frames=46 | time=9.62s
[597/5000] Wrote video_id=129535 | split=train | frames=65 | time=14.95s
[598/5000] Wrote video_id=129537 | split=train | frames=50 | time=12.41s
[599/5000] Wrote video_id=129538 | split=train | frames=48 | time=11.26s
[600/5000] Wrote video_id=129540 | split=train | frames=35 | time=8.04s
[601/5000] Wrote video_id=129542 | split=train | frames=56 | time=11.30s
[602/5000] Wrote video_id=129544 | split=train | frames=59 | time=13.99s
[603/5000] Wrote video_id=129547 | split=train | frames=50 | time=11.39s
[604/5000] Wrote video_id=129548 | split=train | frames=35 | time=6.69s
[605/5000] Wrote video_id=129549 | split=train | frames=38 | time=8.66s
[606/5000] Wrote video_id=129552 | split=train | frames=51 | time=11.35s
[607/5000] Wrote video_id=129554 | split=train | frames=41 | time=10.30s
[608/5000] Wrote video_id=129555 | split=train | frames=69 | time=14.19s
[609/5000] Wrote video_id=129556 | split=train | frames=57 | time=14.29s
[610/5000] Wrote video_id=129557 | split=train | frames=49 | time=11.17s
[611/5000] Wrote video_id=129558 | split=train | frames=60 | time=14.74s
[612/5000] Wrote video_id=129560 | split=train | frames=58 | time=10.52s
[613/5000] Wrote video_id=129561 | split=train | frames=47 | time=11.56s
[614/5000] Wrote video_id=129563 | split=train | frames=61 | time=15.06s
[615/5000] Wrote video_id=129564 | split=train | frames=56 | time=13.71s
[616/5000] Wrote video_id=129565 | split=train | frames=41 | time=9.56s
[617/5000] Wrote video_id=129566 | split=train | frames=46 | time=10.40s
[618/5000] Wrote video_id=129567 | split=train | frames=39 | time=8.67s
[619/5000] Wrote video_id=129568 | split=train | frames=62 | time=13.71s
[620/5000] Wrote video_id=129569 | split=train | frames=64 | time=15.89s
[621/5000] Wrote video_id=129570 | split=train | frames=43 | time=8.73s
[622/5000] Wrote video_id=129571 | split=train | frames=29 | time=6.25s
[623/5000] Wrote video_id=129573 | split=train | frames=49 | time=12.31s
[624/5000] Wrote video_id=129575 | split=train | frames=67 | time=15.17s
[625/5000] Wrote video_id=129576 | split=train | frames=50 | time=11.94s
[626/5000] Wrote video_id=129577 | split=train | frames=29 | time=6.34s
[627/5000] Wrote video_id=129579 | split=train | frames=21 | time=4.62s
[628/5000] Wrote video_id=129581 | split=train | frames=66 | time=16.57s
[629/5000] Wrote video_id=129583 | split=train | frames=54 | time=12.16s
[630/5000] Wrote video_id=129584 | split=train | frames=26 | time=6.45s
[631/5000] Wrote video_id=129585 | split=train | frames=50 | time=11.43s
[632/5000] Wrote video_id=129586 | split=train | frames=30 | time=7.40s
[633/5000] Wrote video_id=129587 | split=train | frames=48 | time=10.68s
[634/5000] Wrote video_id=129588 | split=train | frames=38 | time=8.96s
[635/5000] Wrote video_id=129589 | split=train | frames=41 | time=10.31s
[636/5000] Wrote video_id=129590 | split=train | frames=58 | time=12.42s
[637/5000] Wrote video_id=129591 | split=train | frames=40 | time=8.66s
[638/5000] Wrote video_id=129593 | split=train | frames=41 | time=8.51s
