/usr/local/lib/python3.10/dist-packages/google/api_core/_python_version_support.py:273: FutureWarning: You are using a Python version (3.10.12) which Google will stop supporting in new releases of google.api_core once it reaches its end of life (2026-10-04). Please upgrade to the latest Python version, or at least Python 3.11, to continue receiving updates for google.api_core past that date.
  warnings.warn(message, FutureWarning)
/usr/local/lib/python3.10/dist-packages/google/api_core/_python_version_support.py:273: FutureWarning: You are using a Python version (3.10.12) which Google will stop supporting in new releases of google.cloud.storage_control_v2 once it reaches its end of life (2026-10-04). Please upgrade to the latest Python version, or at least Python 3.11, to continue receiving updates for google.cloud.storage_control_v2 past that date.
  warnings.warn(message, FutureWarning)
frames_root: /datasets/ssv2/nips/frames_train
videos_to_process: 5000
first_video: 109158 | last_video: 115678
2026-04-26 15:54:23.909153: E external/local_xla/xla/stream_executor/cuda/cuda_dnn.cc:9261] Unable to register cuDNN factory: Attempting to register factory for plugin cuDNN when one has already been registered
2026-04-26 15:54:23.909189: E external/local_xla/xla/stream_executor/cuda/cuda_fft.cc:607] Unable to register cuFFT factory: Attempting to register factory for plugin cuFFT when one has already been registered
2026-04-26 15:54:23.910025: E external/local_xla/xla/stream_executor/cuda/cuda_blas.cc:1515] Unable to register cuBLAS factory: Attempting to register factory for plugin cuBLAS when one has already been registered
AttributeError: 'MessageFactory' object has no attribute 'GetPrototype'
AttributeError: 'MessageFactory' object has no attribute 'GetPrototype'
AttributeError: 'MessageFactory' object has no attribute 'GetPrototype'
AttributeError: 'MessageFactory' object has no attribute 'GetPrototype'
2026-04-26 15:54:24.707638: W tensorflow/compiler/tf2tensorrt/utils/py_utils.cc:38] TF-TRT Warning: Could not find TensorRT
AttributeError: 'MessageFactory' object has no attribute 'GetPrototype'
[1/5000] Wrote video_id=109158 | split=train | frames=56 | time=24.57s
[2/5000] Wrote video_id=109159 | split=train | frames=34 | time=7.43s
[3/5000] Wrote video_id=109160 | split=train | frames=47 | time=11.37s
[4/5000] Wrote video_id=109161 | split=train | frames=54 | time=10.53s
[5/5000] Wrote video_id=109162 | split=train | frames=52 | time=9.37s
[6/5000] Wrote video_id=109163 | split=train | frames=46 | time=10.76s
[7/5000] Wrote video_id=109164 | split=train | frames=54 | time=12.47s
[8/5000] Wrote video_id=109165 | split=train | frames=66 | time=15.84s
[9/5000] Wrote video_id=109166 | split=train | frames=61 | time=14.62s
[10/5000] Wrote video_id=109168 | split=train | frames=67 | time=14.74s
[11/5000] Wrote video_id=109169 | split=train | frames=37 | time=8.92s
[12/5000] Wrote video_id=109170 | split=train | frames=59 | time=12.44s
[13/5000] Wrote video_id=109171 | split=train | frames=38 | time=8.08s
[14/5000] Wrote video_id=109172 | split=train | frames=45 | time=10.59s
[15/5000] Wrote video_id=109173 | split=train | frames=55 | time=12.72s
[16/5000] Wrote video_id=109174 | split=train | frames=59 | time=13.74s
[17/5000] Wrote video_id=109175 | split=train | frames=22 | time=4.54s
[18/5000] Wrote video_id=109176 | split=train | frames=50 | time=11.72s
[19/5000] Wrote video_id=109177 | split=train | frames=61 | time=15.14s
[20/5000] Wrote video_id=109178 | split=train | frames=64 | time=12.74s
[21/5000] Wrote video_id=109180 | split=train | frames=29 | time=6.93s
[22/5000] Wrote video_id=109181 | split=train | frames=45 | time=9.46s
[23/5000] Wrote video_id=109183 | split=train | frames=54 | time=12.96s
[24/5000] Wrote video_id=109185 | split=train | frames=47 | time=11.74s
[25/5000] Wrote video_id=109186 | split=train | frames=42 | time=7.91s
[26/5000] Wrote video_id=109187 | split=train | frames=43 | time=7.94s
[27/5000] Wrote video_id=109188 | split=train | frames=32 | time=7.00s
[28/5000] Wrote video_id=109190 | split=train | frames=33 | time=7.80s
[29/5000] Wrote video_id=109193 | split=train | frames=42 | time=8.54s
[30/5000] Wrote video_id=109194 | split=train | frames=62 | time=15.50s
[31/5000] Wrote video_id=109195 | split=train | frames=48 | time=11.69s
[32/5000] Wrote video_id=109197 | split=train | frames=37 | time=8.36s
[33/5000] Wrote video_id=109201 | split=train | frames=51 | time=10.49s
[34/5000] Wrote video_id=109203 | split=train | frames=39 | time=9.35s
[35/5000] Wrote video_id=109204 | split=train | frames=42 | time=10.50s
[36/5000] Wrote video_id=109205 | split=train | frames=28 | time=6.95s
[37/5000] Wrote video_id=109206 | split=train | frames=51 | time=10.34s
[38/5000] Wrote video_id=109207 | split=train | frames=63 | time=14.84s
[39/5000] Wrote video_id=109208 | split=train | frames=66 | time=13.43s
[40/5000] Wrote video_id=109209 | split=train | frames=35 | time=7.49s
[41/5000] Wrote video_id=109210 | split=train | frames=65 | time=14.86s
[42/5000] Wrote video_id=109211 | split=train | frames=52 | time=12.76s
[43/5000] Wrote video_id=109212 | split=train | frames=45 | time=10.29s
[44/5000] Wrote video_id=109213 | split=train | frames=70 | time=12.97s
[45/5000] Wrote video_id=109214 | split=train | frames=50 | time=11.61s
[46/5000] Wrote video_id=109216 | split=train | frames=42 | time=9.84s
[47/5000] Wrote video_id=109217 | split=train | frames=38 | time=8.67s
[48/5000] Wrote video_id=109220 | split=train | frames=39 | time=8.99s
[49/5000] Wrote video_id=109221 | split=train | frames=52 | time=10.76s
[50/5000] Wrote video_id=109222 | split=train | frames=53 | time=13.15s
[51/5000] Wrote video_id=109223 | split=train | frames=28 | time=5.12s
[52/5000] Wrote video_id=109225 | split=train | frames=56 | time=12.41s
[53/5000] Wrote video_id=109226 | split=train | frames=45 | time=11.20s
[54/5000] Wrote video_id=109227 | split=train | frames=49 | time=11.96s
[55/5000] Wrote video_id=109229 | split=train | frames=47 | time=11.75s
[56/5000] Wrote video_id=109230 | split=train | frames=70 | time=16.30s
[57/5000] Wrote video_id=109231 | split=train | frames=58 | time=12.97s
[58/5000] Wrote video_id=109232 | split=train | frames=61 | time=15.16s
[59/5000] Wrote video_id=109234 | split=train | frames=30 | time=6.20s
[60/5000] Wrote video_id=109235 | split=train | frames=48 | time=11.82s
[61/5000] Wrote video_id=109236 | split=train | frames=35 | time=7.87s
[62/5000] Wrote video_id=109238 | split=train | frames=35 | time=7.93s
[63/5000] Wrote video_id=109240 | split=train | frames=28 | time=6.55s
[64/5000] Wrote video_id=109245 | split=train | frames=64 | time=12.62s
[65/5000] Wrote video_id=109246 | split=train | frames=24 | time=5.67s
[66/5000] Wrote video_id=109247 | split=train | frames=44 | time=10.73s
[67/5000] Wrote video_id=109248 | split=train | frames=41 | time=9.12s
[68/5000] Wrote video_id=109249 | split=train | frames=58 | time=13.84s
[69/5000] Wrote video_id=109250 | split=train | frames=32 | time=7.11s
[70/5000] Wrote video_id=109253 | split=train | frames=62 | time=13.11s
[71/5000] Wrote video_id=109254 | split=train | frames=33 | time=7.66s
[72/5000] Wrote video_id=109257 | split=train | frames=52 | time=13.00s
[73/5000] Wrote video_id=109258 | split=train | frames=53 | time=13.15s
[74/5000] Wrote video_id=109259 | split=train | frames=29 | time=7.11s
[75/5000] Wrote video_id=109260 | split=train | frames=56 | time=11.44s
[76/5000] Wrote video_id=109262 | split=train | frames=38 | time=8.84s
[77/5000] Wrote video_id=109263 | split=train | frames=62 | time=12.26s
[78/5000] Wrote video_id=109265 | split=train | frames=45 | time=10.24s
[79/5000] Wrote video_id=109266 | split=train | frames=30 | time=7.15s
[80/5000] Wrote video_id=109270 | split=train | frames=49 | time=12.02s
[81/5000] Wrote video_id=109271 | split=train | frames=33 | time=6.10s
[82/5000] Wrote video_id=109273 | split=train | frames=24 | time=5.92s
[83/5000] Wrote video_id=109274 | split=train | frames=17 | time=3.89s
[84/5000] Wrote video_id=109277 | split=train | frames=56 | time=12.42s
[85/5000] Wrote video_id=109279 | split=train | frames=70 | time=15.85s
[86/5000] Wrote video_id=109280 | split=train | frames=32 | time=6.56s
[87/5000] Wrote video_id=109281 | split=train | frames=30 | time=7.01s
[88/5000] Wrote video_id=109282 | split=train | frames=51 | time=12.65s
[89/5000] Wrote video_id=109283 | split=train | frames=24 | time=5.98s
[90/5000] Wrote video_id=109284 | split=train | frames=35 | time=7.92s
[91/5000] Wrote video_id=109286 | split=train | frames=52 | time=11.64s
[92/5000] Wrote video_id=109287 | split=train | frames=44 | time=9.73s
[93/5000] Wrote video_id=109288 | split=train | frames=50 | time=10.91s
[94/5000] Wrote video_id=109289 | split=train | frames=46 | time=9.97s
[95/5000] Wrote video_id=109290 | split=train | frames=29 | time=6.76s
[96/5000] Wrote video_id=109291 | split=train | frames=30 | time=5.90s
[97/5000] Wrote video_id=109292 | split=train | frames=57 | time=12.48s
[98/5000] Wrote video_id=109293 | split=train | frames=65 | time=16.10s
[99/5000] Wrote video_id=109294 | split=train | frames=64 | time=15.05s
[100/5000] Wrote video_id=109296 | split=train | frames=34 | time=8.18s
[101/5000] Wrote video_id=109297 | split=train | frames=44 | time=10.93s
[102/5000] Wrote video_id=109298 | split=train | frames=63 | time=15.62s
[103/5000] Wrote video_id=109299 | split=train | frames=44 | time=10.09s
[104/5000] Wrote video_id=109300 | split=train | frames=63 | time=13.26s
[105/5000] Wrote video_id=109304 | split=train | frames=43 | time=9.04s
[106/5000] Wrote video_id=109305 | split=train | frames=59 | time=12.32s
[107/5000] Wrote video_id=109306 | split=train | frames=48 | time=11.37s
[108/5000] Wrote video_id=109308 | split=train | frames=29 | time=7.23s
[109/5000] Wrote video_id=109309 | split=train | frames=20 | time=4.66s
[110/5000] Wrote video_id=109311 | split=train | frames=32 | time=6.84s
[111/5000] Wrote video_id=109312 | split=train | frames=65 | time=13.78s
[112/5000] Wrote video_id=109314 | split=train | frames=45 | time=10.98s
[113/5000] Wrote video_id=109315 | split=train | frames=62 | time=14.73s
[114/5000] Wrote video_id=109316 | split=train | frames=44 | time=10.82s
[115/5000] Wrote video_id=109317 | split=train | frames=50 | time=11.17s
[116/5000] Wrote video_id=109318 | split=train | frames=67 | time=16.22s
[117/5000] Wrote video_id=109319 | split=train | frames=55 | time=12.74s
[118/5000] Wrote video_id=109322 | split=train | frames=43 | time=10.40s
[119/5000] Wrote video_id=109324 | split=train | frames=50 | time=12.46s
[120/5000] Wrote video_id=109325 | split=train | frames=33 | time=7.62s
[121/5000] Wrote video_id=109326 | split=train | frames=39 | time=9.72s
[122/5000] Wrote video_id=109327 | split=train | frames=50 | time=11.07s
[123/5000] Wrote video_id=109329 | split=train | frames=61 | time=13.29s
[124/5000] Wrote video_id=109330 | split=train | frames=46 | time=11.30s
[125/5000] Wrote video_id=109331 | split=train | frames=63 | time=15.70s
[126/5000] Wrote video_id=109332 | split=train | frames=46 | time=10.82s
[127/5000] Wrote video_id=109333 | split=train | frames=43 | time=10.72s
[128/5000] Wrote video_id=109336 | split=train | frames=60 | time=14.04s
[129/5000] Wrote video_id=109337 | split=train | frames=51 | time=11.82s
[130/5000] Wrote video_id=109338 | split=train | frames=40 | time=7.58s
[131/5000] Wrote video_id=109340 | split=train | frames=43 | time=9.32s
[132/5000] Wrote video_id=109341 | split=train | frames=36 | time=8.08s
[133/5000] Wrote video_id=109342 | split=train | frames=34 | time=6.98s
[134/5000] Wrote video_id=109344 | split=train | frames=56 | time=13.19s
[135/5000] Wrote video_id=109346 | split=train | frames=41 | time=9.86s
[136/5000] Wrote video_id=109348 | split=train | frames=24 | time=5.95s
[137/5000] Wrote video_id=109349 | split=train | frames=55 | time=12.27s
[138/5000] Wrote video_id=109350 | split=train | frames=45 | time=11.19s
[139/5000] Wrote video_id=109352 | split=train | frames=43 | time=9.00s
[140/5000] Wrote video_id=109354 | split=train | frames=32 | time=7.13s
[141/5000] Wrote video_id=109355 | split=train | frames=36 | time=7.54s
[142/5000] Wrote video_id=109356 | split=train | frames=65 | time=14.07s
[143/5000] Wrote video_id=109357 | split=train | frames=34 | time=7.07s
[144/5000] Wrote video_id=109358 | split=train | frames=40 | time=7.16s
[145/5000] Wrote video_id=109359 | split=train | frames=54 | time=12.71s
[146/5000] Wrote video_id=109360 | split=train | frames=66 | time=12.45s
[147/5000] Wrote video_id=109361 | split=train | frames=40 | time=9.23s
[148/5000] Wrote video_id=109362 | split=train | frames=59 | time=14.58s
[149/5000] Wrote video_id=109363 | split=train | frames=42 | time=9.68s
[150/5000] Wrote video_id=109364 | split=train | frames=33 | time=7.45s
[151/5000] Wrote video_id=109365 | split=train | frames=51 | time=11.72s
[152/5000] Wrote video_id=109366 | split=train | frames=37 | time=7.94s
[153/5000] Wrote video_id=109369 | split=train | frames=30 | time=6.10s
[154/5000] Wrote video_id=109370 | split=train | frames=42 | time=8.45s
[155/5000] Wrote video_id=109371 | split=train | frames=67 | time=15.49s
[156/5000] Wrote video_id=109373 | split=train | frames=61 | time=15.15s
[157/5000] Wrote video_id=109374 | split=train | frames=51 | time=12.34s
[158/5000] Wrote video_id=109376 | split=train | frames=60 | time=14.80s
[159/5000] Wrote video_id=109377 | split=train | frames=39 | time=9.57s
[160/5000] Wrote video_id=109378 | split=train | frames=41 | time=7.53s
[161/5000] Wrote video_id=109379 | split=train | frames=36 | time=6.93s
[162/5000] Wrote video_id=109380 | split=train | frames=34 | time=7.69s
[163/5000] Wrote video_id=109381 | split=train | frames=45 | time=9.21s
[164/5000] Wrote video_id=109382 | split=train | frames=35 | time=6.45s
[165/5000] Wrote video_id=109383 | split=train | frames=51 | time=11.63s
[166/5000] Wrote video_id=109384 | split=train | frames=39 | time=8.63s
[167/5000] Wrote video_id=109385 | split=train | frames=58 | time=14.18s
[168/5000] Wrote video_id=109386 | split=train | frames=21 | time=4.70s
[169/5000] Wrote video_id=109387 | split=train | frames=28 | time=6.03s
[170/5000] Wrote video_id=109389 | split=train | frames=41 | time=8.22s
[171/5000] Wrote video_id=109390 | split=train | frames=52 | time=9.99s
[172/5000] Wrote video_id=109391 | split=train | frames=59 | time=11.58s
[173/5000] Wrote video_id=109392 | split=train | frames=54 | time=13.23s
[174/5000] Wrote video_id=109393 | split=train | frames=38 | time=9.35s
[175/5000] Wrote video_id=109394 | split=train | frames=37 | time=9.10s
[176/5000] Wrote video_id=109396 | split=train | frames=50 | time=9.49s
[177/5000] Wrote video_id=109397 | split=train | frames=55 | time=10.58s
[178/5000] Wrote video_id=109398 | split=train | frames=42 | time=9.11s
[179/5000] Wrote video_id=109399 | split=train | frames=17 | time=3.56s
[180/5000] Wrote video_id=109400 | split=train | frames=72 | time=17.72s
[181/5000] Wrote video_id=109401 | split=train | frames=44 | time=10.50s
[182/5000] Wrote video_id=109402 | split=train | frames=47 | time=11.74s
[183/5000] Wrote video_id=109403 | split=train | frames=47 | time=9.15s
[184/5000] Wrote video_id=109404 | split=train | frames=49 | time=10.48s
[185/5000] Wrote video_id=109406 | split=train | frames=30 | time=7.31s
[186/5000] Wrote video_id=109407 | split=train | frames=54 | time=10.30s
[187/5000] Wrote video_id=109408 | split=train | frames=61 | time=15.19s
[188/5000] Wrote video_id=109409 | split=train | frames=36 | time=7.94s
[189/5000] Wrote video_id=109410 | split=train | frames=62 | time=11.78s
[190/5000] Wrote video_id=109411 | split=train | frames=46 | time=10.93s
[191/5000] Wrote video_id=109412 | split=train | frames=56 | time=10.04s
[192/5000] Wrote video_id=109413 | split=train | frames=31 | time=7.72s
[193/5000] Wrote video_id=109414 | split=train | frames=65 | time=15.94s
[194/5000] Wrote video_id=109415 | split=train | frames=65 | time=15.13s
[195/5000] Wrote video_id=109416 | split=train | frames=18 | time=4.00s
[196/5000] Wrote video_id=109417 | split=train | frames=37 | time=8.80s
[197/5000] Wrote video_id=109419 | split=train | frames=44 | time=10.95s
[198/5000] Wrote video_id=109421 | split=train | frames=57 | time=14.22s
[199/5000] Wrote video_id=109422 | split=train | frames=38 | time=8.86s
[200/5000] Wrote video_id=109424 | split=train | frames=29 | time=7.24s
[201/5000] Wrote video_id=109426 | split=train | frames=29 | time=6.39s
[202/5000] Wrote video_id=109428 | split=train | frames=52 | time=10.58s
[203/5000] Wrote video_id=109429 | split=train | frames=53 | time=13.22s
[204/5000] Wrote video_id=109430 | split=train | frames=39 | time=8.51s
[205/5000] Wrote video_id=109432 | split=train | frames=41 | time=9.60s
[206/5000] Wrote video_id=109435 | split=train | frames=42 | time=9.82s
[207/5000] Wrote video_id=109436 | split=train | frames=42 | time=7.53s
[208/5000] Wrote video_id=109437 | split=train | frames=61 | time=13.90s
[209/5000] Wrote video_id=109439 | split=train | frames=63 | time=15.15s
[210/5000] Wrote video_id=109440 | split=train | frames=35 | time=8.43s
[211/5000] Wrote video_id=109441 | split=train | frames=23 | time=4.73s
[212/5000] Wrote video_id=109442 | split=train | frames=45 | time=10.94s
[213/5000] Wrote video_id=109444 | split=train | frames=61 | time=13.82s
[214/5000] Wrote video_id=109445 | split=train | frames=51 | time=12.55s
[215/5000] Wrote video_id=109446 | split=train | frames=32 | time=5.74s
[216/5000] Wrote video_id=109447 | split=train | frames=31 | time=6.71s
[217/5000] Wrote video_id=109448 | split=train | frames=68 | time=16.06s
[218/5000] Wrote video_id=109449 | split=train | frames=60 | time=14.23s
[219/5000] Wrote video_id=109450 | split=train | frames=61 | time=14.71s
[220/5000] Wrote video_id=109451 | split=train | frames=41 | time=10.18s
[221/5000] Wrote video_id=109453 | split=train | frames=33 | time=8.22s
[222/5000] Wrote video_id=109455 | split=train | frames=45 | time=9.79s
[223/5000] Wrote video_id=109457 | split=train | frames=55 | time=13.01s
[224/5000] Wrote video_id=109460 | split=train | frames=34 | time=8.42s
[225/5000] Wrote video_id=109461 | split=train | frames=35 | time=7.67s
[226/5000] Wrote video_id=109462 | split=train | frames=54 | time=11.04s
[227/5000] Wrote video_id=109463 | split=train | frames=33 | time=7.89s
[228/5000] Wrote video_id=109464 | split=train | frames=46 | time=11.50s
[229/5000] Wrote video_id=109465 | split=train | frames=47 | time=11.35s
[230/5000] Wrote video_id=109466 | split=train | frames=35 | time=8.41s
[231/5000] Wrote video_id=109467 | split=train | frames=56 | time=12.98s
[232/5000] Wrote video_id=109468 | split=train | frames=48 | time=8.65s
[233/5000] Wrote video_id=109469 | split=train | frames=65 | time=13.29s
[234/5000] Wrote video_id=109471 | split=train | frames=59 | time=12.14s
[235/5000] Wrote video_id=109475 | split=train | frames=64 | time=14.90s
[236/5000] Wrote video_id=109477 | split=train | frames=12 | time=2.78s
[237/5000] Wrote video_id=109478 | split=train | frames=40 | time=8.49s
[238/5000] Wrote video_id=109479 | split=train | frames=47 | time=10.21s
[239/5000] Wrote video_id=109480 | split=train | frames=57 | time=10.36s
[240/5000] Wrote video_id=109481 | split=train | frames=38 | time=9.48s
[241/5000] Wrote video_id=109482 | split=train | frames=38 | time=8.79s
[242/5000] Wrote video_id=109483 | split=train | frames=48 | time=11.24s
[243/5000] Wrote video_id=109484 | split=train | frames=53 | time=12.23s
[244/5000] Wrote video_id=109485 | split=train | frames=63 | time=13.18s
[245/5000] Wrote video_id=109486 | split=train | frames=67 | time=16.08s
[246/5000] Wrote video_id=109487 | split=train | frames=45 | time=11.19s
[247/5000] Wrote video_id=109489 | split=train | frames=37 | time=9.24s
[248/5000] Wrote video_id=109491 | split=train | frames=58 | time=11.19s
[249/5000] Wrote video_id=109493 | split=train | frames=66 | time=16.23s
[250/5000] Wrote video_id=109494 | split=train | frames=50 | time=12.21s
[251/5000] Wrote video_id=109495 | split=train | frames=40 | time=8.58s
[252/5000] Wrote video_id=109496 | split=train | frames=65 | time=12.15s
[253/5000] Wrote video_id=109497 | split=train | frames=44 | time=9.68s
[254/5000] Wrote video_id=109498 | split=train | frames=70 | time=16.60s
[255/5000] Wrote video_id=109500 | split=train | frames=30 | time=7.49s
[256/5000] Wrote video_id=109501 | split=train | frames=38 | time=9.30s
[257/5000] Wrote video_id=109502 | split=train | frames=30 | time=6.25s
[258/5000] Wrote video_id=109503 | split=train | frames=55 | time=13.59s
[259/5000] Wrote video_id=109504 | split=train | frames=55 | time=11.93s
[260/5000] Wrote video_id=109505 | split=train | frames=39 | time=9.74s
[261/5000] Wrote video_id=109506 | split=train | frames=62 | time=14.71s
[262/5000] Wrote video_id=109508 | split=train | frames=45 | time=11.04s
[263/5000] Wrote video_id=109509 | split=train | frames=43 | time=8.82s
[264/5000] Wrote video_id=109510 | split=train | frames=58 | time=12.95s
[265/5000] Wrote video_id=109511 | split=train | frames=28 | time=5.51s
[266/5000] Wrote video_id=109512 | split=train | frames=44 | time=10.22s
[267/5000] Wrote video_id=109514 | split=train | frames=30 | time=6.87s
[268/5000] Wrote video_id=109515 | split=train | frames=53 | time=12.22s
[269/5000] Wrote video_id=109516 | split=train | frames=49 | time=11.70s
[270/5000] Wrote video_id=109517 | split=train | frames=59 | time=13.18s
[271/5000] Wrote video_id=109518 | split=train | frames=42 | time=10.42s
[272/5000] Wrote video_id=109519 | split=train | frames=30 | time=7.17s
[273/5000] Wrote video_id=109520 | split=train | frames=27 | time=4.86s
[274/5000] Wrote video_id=109521 | split=train | frames=62 | time=14.59s
[275/5000] Wrote video_id=109523 | split=train | frames=65 | time=13.96s
[276/5000] Wrote video_id=109525 | split=train | frames=65 | time=14.75s
[277/5000] Wrote video_id=109526 | split=train | frames=40 | time=9.21s
[278/5000] Wrote video_id=109527 | split=train | frames=51 | time=12.69s
[279/5000] Wrote video_id=109528 | split=train | frames=52 | time=11.68s
[280/5000] Wrote video_id=109529 | split=train | frames=38 | time=7.65s
[281/5000] Wrote video_id=109530 | split=train | frames=56 | time=12.98s
[282/5000] Wrote video_id=109531 | split=train | frames=44 | time=10.97s
[283/5000] Wrote video_id=109532 | split=train | frames=18 | time=3.23s
[284/5000] Wrote video_id=109535 | split=train | frames=37 | time=7.54s
[285/5000] Wrote video_id=109536 | split=train | frames=21 | time=5.24s
[286/5000] Wrote video_id=109537 | split=train | frames=60 | time=14.45s
[287/5000] Wrote video_id=109539 | split=train | frames=52 | time=11.22s
[288/5000] Wrote video_id=109540 | split=train | frames=36 | time=7.47s
[289/5000] Wrote video_id=109541 | split=train | frames=55 | time=12.22s
[290/5000] Wrote video_id=109542 | split=train | frames=36 | time=8.69s
[291/5000] Wrote video_id=109543 | split=train | frames=58 | time=12.58s
[292/5000] Wrote video_id=109544 | split=train | frames=57 | time=11.71s
[293/5000] Wrote video_id=109545 | split=train | frames=36 | time=7.18s
[294/5000] Wrote video_id=109546 | split=train | frames=47 | time=9.56s
[295/5000] Wrote video_id=109547 | split=train | frames=47 | time=11.40s
[296/5000] Wrote video_id=109548 | split=train | frames=62 | time=15.04s
[297/5000] Wrote video_id=109549 | split=train | frames=38 | time=9.12s
[298/5000] Wrote video_id=109550 | split=train | frames=35 | time=8.72s
[299/5000] Wrote video_id=109551 | split=train | frames=55 | time=13.71s
[300/5000] Wrote video_id=109552 | split=train | frames=48 | time=11.97s
[301/5000] Wrote video_id=109553 | split=train | frames=16 | time=3.45s
[302/5000] Wrote video_id=109554 | split=train | frames=39 | time=7.73s
[303/5000] Wrote video_id=109555 | split=train | frames=54 | time=12.20s
[304/5000] Wrote video_id=109560 | split=train | frames=56 | time=13.53s
[305/5000] Wrote video_id=109561 | split=train | frames=59 | time=14.53s
[306/5000] Wrote video_id=109562 | split=train | frames=42 | time=10.32s
[307/5000] Wrote video_id=109565 | split=train | frames=31 | time=7.44s
[308/5000] Wrote video_id=109566 | split=train | frames=63 | time=15.71s
[309/5000] Wrote video_id=109567 | split=train | frames=64 | time=14.31s
[310/5000] Wrote video_id=109568 | split=train | frames=38 | time=9.04s
[311/5000] Wrote video_id=109569 | split=train | frames=39 | time=9.04s
[312/5000] Wrote video_id=109570 | split=train | frames=49 | time=11.66s
[313/5000] Wrote video_id=109571 | split=train | frames=41 | time=10.21s
[314/5000] Wrote video_id=109572 | split=train | frames=60 | time=13.51s
[315/5000] Wrote video_id=109573 | split=train | frames=61 | time=15.20s
[316/5000] Wrote video_id=109574 | split=train | frames=40 | time=8.78s
[317/5000] Wrote video_id=109575 | split=train | frames=48 | time=10.02s
[318/5000] Wrote video_id=109576 | split=train | frames=41 | time=9.82s
[319/5000] Wrote video_id=109577 | split=train | frames=51 | time=12.63s
[320/5000] Wrote video_id=109578 | split=train | frames=32 | time=7.97s
[321/5000] Wrote video_id=109580 | split=train | frames=49 | time=11.38s
[322/5000] Wrote video_id=109581 | split=train | frames=55 | time=12.39s
[323/5000] Wrote video_id=109582 | split=train | frames=32 | time=7.45s
[324/5000] Wrote video_id=109583 | split=train | frames=47 | time=11.29s
[325/5000] Wrote video_id=109584 | split=train | frames=36 | time=8.64s
[326/5000] Wrote video_id=109586 | split=train | frames=43 | time=10.72s
[327/5000] Wrote video_id=109587 | split=train | frames=63 | time=11.52s
[328/5000] Wrote video_id=109588 | split=train | frames=52 | time=12.46s
[329/5000] Wrote video_id=109589 | split=train | frames=51 | time=11.65s
[330/5000] Wrote video_id=109590 | split=train | frames=26 | time=6.34s
[331/5000] Wrote video_id=109591 | split=train | frames=56 | time=13.57s
[332/5000] Wrote video_id=109592 | split=train | frames=61 | time=14.80s
[333/5000] Wrote video_id=109593 | split=train | frames=62 | time=15.05s
[334/5000] Wrote video_id=109595 | split=train | frames=52 | time=10.43s
[335/5000] Wrote video_id=109597 | split=train | frames=45 | time=10.26s
[336/5000] Wrote video_id=109598 | split=train | frames=34 | time=6.88s
[337/5000] Wrote video_id=109599 | split=train | frames=54 | time=13.09s
[338/5000] Wrote video_id=109600 | split=train | frames=44 | time=9.28s
[339/5000] Wrote video_id=109601 | split=train | frames=35 | time=7.72s
[340/5000] Wrote video_id=109602 | split=train | frames=49 | time=11.56s
[341/5000] Wrote video_id=109605 | split=train | frames=63 | time=15.73s
[342/5000] Wrote video_id=109606 | split=train | frames=55 | time=12.81s
[343/5000] Wrote video_id=109609 | split=train | frames=48 | time=11.18s
[344/5000] Wrote video_id=109610 | split=train | frames=41 | time=9.22s
[345/5000] Wrote video_id=109611 | split=train | frames=32 | time=7.90s
[346/5000] Wrote video_id=109612 | split=train | frames=60 | time=14.23s
[347/5000] Wrote video_id=109613 | split=train | frames=66 | time=16.48s
[348/5000] Wrote video_id=109614 | split=train | frames=39 | time=8.63s
[349/5000] Wrote video_id=109615 | split=train | frames=64 | time=12.63s
[350/5000] Wrote video_id=109616 | split=train | frames=45 | time=9.22s
[351/5000] Wrote video_id=109617 | split=train | frames=45 | time=11.22s
[352/5000] Wrote video_id=109619 | split=train | frames=40 | time=9.46s
[353/5000] Wrote video_id=109620 | split=train | frames=31 | time=6.67s
[354/5000] Wrote video_id=109621 | split=train | frames=40 | time=9.64s
[355/5000] Wrote video_id=109622 | split=train | frames=36 | time=7.02s
[356/5000] Wrote video_id=109623 | split=train | frames=61 | time=14.82s
[357/5000] Wrote video_id=109624 | split=train | frames=59 | time=14.47s
[358/5000] Wrote video_id=109625 | split=train | frames=55 | time=11.73s
[359/5000] Wrote video_id=109626 | split=train | frames=30 | time=6.71s
[360/5000] Wrote video_id=109627 | split=train | frames=72 | time=15.98s
[361/5000] Wrote video_id=109628 | split=train | frames=32 | time=7.40s
[362/5000] Wrote video_id=109629 | split=train | frames=49 | time=11.69s
[363/5000] Wrote video_id=109630 | split=train | frames=31 | time=5.84s
[364/5000] Wrote video_id=109631 | split=train | frames=53 | time=11.19s
[365/5000] Wrote video_id=109633 | split=train | frames=57 | time=14.12s
[366/5000] Wrote video_id=109634 | split=train | frames=40 | time=8.93s
[367/5000] Wrote video_id=109635 | split=train | frames=33 | time=8.01s
[368/5000] Wrote video_id=109637 | split=train | frames=42 | time=9.06s
[369/5000] Wrote video_id=109638 | split=train | frames=28 | time=6.52s
[370/5000] Wrote video_id=109639 | split=train | frames=61 | time=13.23s
[371/5000] Wrote video_id=109640 | split=train | frames=39 | time=8.90s
[372/5000] Wrote video_id=109641 | split=train | frames=46 | time=11.03s
[373/5000] Wrote video_id=109642 | split=train | frames=44 | time=10.04s
[374/5000] Wrote video_id=109646 | split=train | frames=31 | time=6.63s
[375/5000] Wrote video_id=109647 | split=train | frames=55 | time=12.25s
[376/5000] Wrote video_id=109648 | split=train | frames=35 | time=8.15s
[377/5000] Wrote video_id=109649 | split=train | frames=62 | time=15.12s
[378/5000] Wrote video_id=109651 | split=train | frames=22 | time=5.43s
[379/5000] Wrote video_id=109652 | split=train | frames=53 | time=10.90s
[380/5000] Wrote video_id=109653 | split=train | frames=66 | time=15.31s
[381/5000] Wrote video_id=109654 | split=train | frames=64 | time=15.94s
[382/5000] Wrote video_id=109655 | split=train | frames=43 | time=9.83s
[383/5000] Wrote video_id=109656 | split=train | frames=39 | time=8.43s
[384/5000] Wrote video_id=109657 | split=train | frames=52 | time=11.33s
[385/5000] Wrote video_id=109658 | split=train | frames=42 | time=10.46s
[386/5000] Wrote video_id=109659 | split=train | frames=41 | time=7.78s
[387/5000] Wrote video_id=109660 | split=train | frames=33 | time=8.23s
[388/5000] Wrote video_id=109661 | split=train | frames=45 | time=9.26s
[389/5000] Wrote video_id=109662 | split=train | frames=55 | time=11.90s
[390/5000] Wrote video_id=109663 | split=train | frames=63 | time=13.50s
[391/5000] Wrote video_id=109664 | split=train | frames=29 | time=6.97s
[392/5000] Wrote video_id=109665 | split=train | frames=38 | time=8.71s
[393/5000] Wrote video_id=109667 | split=train | frames=34 | time=7.78s
[394/5000] Wrote video_id=109668 | split=train | frames=34 | time=7.50s
[395/5000] Wrote video_id=109669 | split=train | frames=47 | time=10.20s
[396/5000] Wrote video_id=109670 | split=train | frames=57 | time=14.01s
[397/5000] Wrote video_id=109671 | split=train | frames=66 | time=16.25s
[398/5000] Wrote video_id=109672 | split=train | frames=42 | time=9.82s
[399/5000] Wrote video_id=109675 | split=train | frames=65 | time=15.14s
[400/5000] Wrote video_id=109676 | split=train | frames=48 | time=10.87s
[401/5000] Wrote video_id=109677 | split=train | frames=63 | time=15.17s
[402/5000] Wrote video_id=109680 | split=train | frames=45 | time=10.39s
[403/5000] Wrote video_id=109681 | split=train | frames=64 | time=15.15s
[404/5000] Wrote video_id=109682 | split=train | frames=31 | time=7.73s
[405/5000] Wrote video_id=109683 | split=train | frames=42 | time=9.10s
[406/5000] Wrote video_id=109684 | split=train | frames=30 | time=7.46s
[407/5000] Wrote video_id=109686 | split=train | frames=60 | time=14.92s
[408/5000] Wrote video_id=109687 | split=train | frames=58 | time=11.53s
[409/5000] Wrote video_id=109689 | split=train | frames=34 | time=8.46s
[410/5000] Wrote video_id=109690 | split=train | frames=59 | time=13.40s
[411/5000] Wrote video_id=109692 | split=train | frames=41 | time=9.94s
[412/5000] Wrote video_id=109694 | split=train | frames=65 | time=14.05s
[413/5000] Wrote video_id=109695 | split=train | frames=38 | time=9.43s
[414/5000] Wrote video_id=109696 | split=train | frames=55 | time=12.13s
[415/5000] Wrote video_id=109698 | split=train | frames=35 | time=8.04s
[416/5000] Wrote video_id=109700 | split=train | frames=35 | time=8.63s
[417/5000] Wrote video_id=109701 | split=train | frames=52 | time=12.52s
[418/5000] Wrote video_id=109702 | split=train | frames=55 | time=13.70s
[419/5000] Wrote video_id=109703 | split=train | frames=59 | time=14.25s
[420/5000] Wrote video_id=109705 | split=train | frames=57 | time=13.93s
[421/5000] Wrote video_id=109706 | split=train | frames=59 | time=11.40s
[422/5000] Wrote video_id=109707 | split=train | frames=53 | time=9.55s
[423/5000] Wrote video_id=109709 | split=train | frames=35 | time=7.14s
[424/5000] Wrote video_id=109710 | split=train | frames=40 | time=8.76s
[425/5000] Wrote video_id=109711 | split=train | frames=44 | time=8.80s
[426/5000] Wrote video_id=109712 | split=train | frames=49 | time=9.84s
[427/5000] Wrote video_id=109713 | split=train | frames=54 | time=10.12s
[428/5000] Wrote video_id=109714 | split=train | frames=59 | time=13.46s
[429/5000] Wrote video_id=109716 | split=train | frames=35 | time=8.16s
[430/5000] Wrote video_id=109717 | split=train | frames=27 | time=5.86s
[431/5000] Wrote video_id=109718 | split=train | frames=53 | time=12.67s
[432/5000] Wrote video_id=109719 | split=train | frames=19 | time=3.75s
[433/5000] Wrote video_id=109721 | split=train | frames=46 | time=11.47s
[434/5000] Wrote video_id=109723 | split=train | frames=61 | time=12.72s
[435/5000] Wrote video_id=109724 | split=train | frames=44 | time=8.32s
[436/5000] Wrote video_id=109725 | split=train | frames=31 | time=7.73s
[437/5000] Wrote video_id=109726 | split=train | frames=54 | time=13.25s
[438/5000] Wrote video_id=109727 | split=train | frames=28 | time=6.71s
[439/5000] Wrote video_id=109728 | split=train | frames=47 | time=11.53s
[440/5000] Wrote video_id=109731 | split=train | frames=50 | time=11.61s
[441/5000] Wrote video_id=109732 | split=train | frames=63 | time=14.78s
[442/5000] Wrote video_id=109735 | split=train | frames=63 | time=13.60s
[443/5000] Wrote video_id=109737 | split=train | frames=44 | time=10.42s
[444/5000] Wrote video_id=109738 | split=train | frames=66 | time=14.69s
[445/5000] Wrote video_id=109739 | split=train | frames=54 | time=11.13s
[446/5000] Wrote video_id=109740 | split=train | frames=59 | time=13.78s
[447/5000] Wrote video_id=109741 | split=train | frames=45 | time=8.32s
[448/5000] Wrote video_id=109743 | split=train | frames=32 | time=6.95s
[449/5000] Wrote video_id=109744 | split=train | frames=34 | time=8.40s
[450/5000] Wrote video_id=109745 | split=train | frames=70 | time=16.01s
[451/5000] Wrote video_id=109747 | split=train | frames=62 | time=14.69s
[452/5000] Wrote video_id=109748 | split=train | frames=46 | time=10.79s
[453/5000] Wrote video_id=109750 | split=train | frames=41 | time=9.98s
[454/5000] Wrote video_id=109751 | split=train | frames=38 | time=7.45s
[455/5000] Wrote video_id=109752 | split=train | frames=51 | time=10.67s
[456/5000] Wrote video_id=109753 | split=train | frames=67 | time=14.98s
[457/5000] Wrote video_id=109754 | split=train | frames=61 | time=13.61s
[458/5000] Wrote video_id=109755 | split=train | frames=37 | time=9.08s
[459/5000] Wrote video_id=109756 | split=train | frames=31 | time=7.71s
[460/5000] Wrote video_id=109757 | split=train | frames=46 | time=9.57s
[461/5000] Wrote video_id=109758 | split=train | frames=49 | time=10.14s
[462/5000] Wrote video_id=109759 | split=train | frames=52 | time=12.94s
[463/5000] Wrote video_id=109763 | split=train | frames=64 | time=14.36s
[464/5000] Wrote video_id=109764 | split=train | frames=36 | time=7.72s
[465/5000] Wrote video_id=109765 | split=train | frames=66 | time=15.76s
[466/5000] Wrote video_id=109766 | split=train | frames=45 | time=10.27s
[467/5000] Wrote video_id=109767 | split=train | frames=65 | time=13.76s
[468/5000] Wrote video_id=109770 | split=train | frames=31 | time=7.73s
[469/5000] Wrote video_id=109771 | split=train | frames=58 | time=12.87s
[470/5000] Wrote video_id=109772 | split=train | frames=32 | time=6.74s
[471/5000] Wrote video_id=109774 | split=train | frames=60 | time=12.64s
[472/5000] Wrote video_id=109775 | split=train | frames=51 | time=12.70s
[473/5000] Wrote video_id=109776 | split=train | frames=44 | time=10.86s
[474/5000] Wrote video_id=109777 | split=train | frames=31 | time=6.75s
[475/5000] Wrote video_id=109778 | split=train | frames=34 | time=7.82s
[476/5000] Wrote video_id=109780 | split=train | frames=58 | time=13.62s
[477/5000] Wrote video_id=109782 | split=train | frames=66 | time=14.22s
[478/5000] Wrote video_id=109783 | split=train | frames=63 | time=15.71s
[479/5000] Wrote video_id=109785 | split=train | frames=54 | time=13.32s
[480/5000] Wrote video_id=109786 | split=train | frames=47 | time=10.34s
[481/5000] Wrote video_id=109788 | split=train | frames=53 | time=13.11s
[482/5000] Wrote video_id=109789 | split=train | frames=30 | time=7.25s
[483/5000] Wrote video_id=109790 | split=train | frames=39 | time=9.16s
[484/5000] Wrote video_id=109791 | split=train | frames=53 | time=11.09s
[485/5000] Wrote video_id=109793 | split=train | frames=50 | time=12.32s
[486/5000] Wrote video_id=109794 | split=train | frames=23 | time=5.63s
[487/5000] Wrote video_id=109795 | split=train | frames=25 | time=5.93s
[488/5000] Wrote video_id=109796 | split=train | frames=38 | time=9.48s
[489/5000] Wrote video_id=109797 | split=train | frames=32 | time=7.25s
[490/5000] Wrote video_id=109798 | split=train | frames=34 | time=8.47s
[491/5000] Wrote video_id=109799 | split=train | frames=51 | time=12.35s
[492/5000] Wrote video_id=109800 | split=train | frames=30 | time=7.49s
[493/5000] Wrote video_id=109801 | split=train | frames=24 | time=5.93s
[494/5000] Wrote video_id=109802 | split=train | frames=62 | time=12.69s
[495/5000] Wrote video_id=109803 | split=train | frames=20 | time=4.47s
[496/5000] Wrote video_id=109805 | split=train | frames=63 | time=14.26s
[497/5000] Wrote video_id=109806 | split=train | frames=34 | time=7.59s
[498/5000] Wrote video_id=109807 | split=train | frames=47 | time=10.40s
[499/5000] Wrote video_id=109808 | split=train | frames=42 | time=9.30s
[500/5000] Wrote video_id=109812 | split=train | frames=47 | time=10.16s
[501/5000] Wrote video_id=109813 | split=train | frames=38 | time=9.43s
[502/5000] Wrote video_id=109815 | split=train | frames=42 | time=10.38s
[503/5000] Wrote video_id=109816 | split=train | frames=24 | time=5.75s
[504/5000] Wrote video_id=109817 | split=train | frames=44 | time=9.93s
[505/5000] Wrote video_id=109818 | split=train | frames=40 | time=7.72s
[506/5000] Wrote video_id=109819 | split=train | frames=47 | time=10.88s
[507/5000] Wrote video_id=109820 | split=train | frames=32 | time=6.09s
[508/5000] Wrote video_id=109821 | split=train | frames=46 | time=10.47s
[509/5000] Wrote video_id=109822 | split=train | frames=43 | time=8.77s
[510/5000] Wrote video_id=109823 | split=train | frames=49 | time=9.63s
[511/5000] Wrote video_id=109824 | split=train | frames=50 | time=9.05s
[512/5000] Wrote video_id=109826 | split=train | frames=42 | time=10.47s
[513/5000] Wrote video_id=109827 | split=train | frames=46 | time=10.27s
[514/5000] Wrote video_id=109828 | split=train | frames=58 | time=11.76s
[515/5000] Wrote video_id=109829 | split=train | frames=33 | time=7.59s
[516/5000] Wrote video_id=109830 | split=train | frames=31 | time=6.80s
[517/5000] Wrote video_id=109832 | split=train | frames=43 | time=8.70s
[518/5000] Wrote video_id=109834 | split=train | frames=52 | time=10.89s
[519/5000] Wrote video_id=109835 | split=train | frames=33 | time=6.27s
[520/5000] Wrote video_id=109838 | split=train | frames=57 | time=11.84s
[521/5000] Wrote video_id=109840 | split=train | frames=53 | time=12.19s
[522/5000] Wrote video_id=109842 | split=train | frames=17 | time=4.13s
[523/5000] Wrote video_id=109843 | split=train | frames=50 | time=10.22s
[524/5000] Wrote video_id=109845 | split=train | frames=65 | time=16.23s
[525/5000] Wrote video_id=109846 | split=train | frames=50 | time=11.77s
[526/5000] Wrote video_id=109847 | split=train | frames=40 | time=9.89s
[527/5000] Wrote video_id=109848 | split=train | frames=58 | time=12.05s
[528/5000] Wrote video_id=109850 | split=train | frames=37 | time=7.45s
[529/5000] Wrote video_id=109851 | split=train | frames=37 | time=8.88s
[530/5000] Wrote video_id=109852 | split=train | frames=35 | time=7.51s
[531/5000] Wrote video_id=109853 | split=train | frames=61 | time=14.46s
[532/5000] Wrote video_id=109854 | split=train | frames=45 | time=8.71s
[533/5000] Wrote video_id=109855 | split=train | frames=40 | time=8.50s
[534/5000] Wrote video_id=109856 | split=train | frames=40 | time=8.07s
[535/5000] Wrote video_id=109860 | split=train | frames=57 | time=13.19s
[536/5000] Wrote video_id=109861 | split=train | frames=48 | time=9.54s
[537/5000] Wrote video_id=109862 | split=train | frames=44 | time=7.98s
[538/5000] Wrote video_id=109863 | split=train | frames=42 | time=10.42s
[539/5000] Wrote video_id=109865 | split=train | frames=24 | time=5.67s
[540/5000] Wrote video_id=109866 | split=train | frames=64 | time=11.92s
[541/5000] Wrote video_id=109867 | split=train | frames=38 | time=9.46s
[542/5000] Wrote video_id=109868 | split=train | frames=36 | time=7.71s
[543/5000] Wrote video_id=109869 | split=train | frames=48 | time=11.06s
[544/5000] Wrote video_id=109870 | split=train | frames=36 | time=7.57s
[545/5000] Wrote video_id=109871 | split=train | frames=62 | time=14.53s
[546/5000] Wrote video_id=109872 | split=train | frames=53 | time=12.19s
[547/5000] Wrote video_id=109873 | split=train | frames=15 | time=3.59s
[548/5000] Wrote video_id=109874 | split=train | frames=62 | time=13.36s
[549/5000] Wrote video_id=109875 | split=train | frames=47 | time=10.53s
[550/5000] Wrote video_id=109876 | split=train | frames=29 | time=6.05s
[551/5000] Wrote video_id=109877 | split=train | frames=54 | time=11.32s
[552/5000] Wrote video_id=109878 | split=train | frames=65 | time=14.19s
[553/5000] Wrote video_id=109880 | split=train | frames=30 | time=7.48s
[554/5000] Wrote video_id=109881 | split=train | frames=33 | time=6.79s
[555/5000] Wrote video_id=109882 | split=train | frames=26 | time=6.34s
[556/5000] Wrote video_id=109883 | split=train | frames=31 | time=7.59s
[557/5000] Wrote video_id=109884 | split=train | frames=55 | time=13.41s
[558/5000] Wrote video_id=109885 | split=train | frames=55 | time=12.61s
[559/5000] Wrote video_id=109886 | split=train | frames=67 | time=15.00s
[560/5000] Wrote video_id=109887 | split=train | frames=58 | time=13.67s
[561/5000] Wrote video_id=109888 | split=train | frames=64 | time=14.72s
[562/5000] Wrote video_id=109890 | split=train | frames=62 | time=15.26s
[563/5000] Wrote video_id=109891 | split=train | frames=43 | time=9.61s
[564/5000] Wrote video_id=109893 | split=train | frames=37 | time=8.45s
[565/5000] Wrote video_id=109894 | split=train | frames=57 | time=11.80s
[566/5000] Wrote video_id=109895 | split=train | frames=36 | time=6.98s
[567/5000] Wrote video_id=109897 | split=train | frames=22 | time=5.23s
[568/5000] Wrote video_id=109898 | split=train | frames=32 | time=6.58s
[569/5000] Wrote video_id=109899 | split=train | frames=48 | time=10.83s
[570/5000] Wrote video_id=109900 | split=train | frames=48 | time=10.56s
[571/5000] Wrote video_id=109901 | split=train | frames=29 | time=6.69s
[572/5000] Wrote video_id=109902 | split=train | frames=34 | time=7.07s
[573/5000] Wrote video_id=109903 | split=train | frames=44 | time=9.46s
[574/5000] Wrote video_id=109904 | split=train | frames=33 | time=8.17s
[575/5000] Wrote video_id=109905 | split=train | frames=54 | time=12.46s
[576/5000] Wrote video_id=109907 | split=train | frames=57 | time=13.78s
[577/5000] Wrote video_id=109908 | split=train | frames=27 | time=5.51s
[578/5000] Wrote video_id=109909 | split=train | frames=30 | time=7.05s
[579/5000] Wrote video_id=109911 | split=train | frames=70 | time=16.33s
[580/5000] Wrote video_id=109912 | split=train | frames=48 | time=10.86s
[581/5000] Wrote video_id=109914 | split=train | frames=57 | time=13.60s
[582/5000] Wrote video_id=109915 | split=train | frames=39 | time=8.38s
[583/5000] Wrote video_id=109916 | split=train | frames=26 | time=5.43s
[584/5000] Wrote video_id=109917 | split=train | frames=62 | time=13.97s
[585/5000] Wrote video_id=109919 | split=train | frames=41 | time=10.20s
[586/5000] Wrote video_id=109920 | split=train | frames=48 | time=10.21s
[587/5000] Wrote video_id=109922 | split=train | frames=49 | time=10.62s
[588/5000] Wrote video_id=109923 | split=train | frames=38 | time=9.19s
[589/5000] Wrote video_id=109924 | split=train | frames=52 | time=12.79s
[590/5000] Wrote video_id=109925 | split=train | frames=42 | time=8.72s
[591/5000] Wrote video_id=109926 | split=train | frames=38 | time=9.47s
[592/5000] Wrote video_id=109927 | split=train | frames=53 | time=11.38s
[593/5000] Wrote video_id=109928 | split=train | frames=52 | time=12.40s
[594/5000] Wrote video_id=109929 | split=train | frames=53 | time=12.63s
[595/5000] Wrote video_id=109930 | split=train | frames=50 | time=11.80s
[596/5000] Wrote video_id=109931 | split=train | frames=34 | time=6.45s
[597/5000] Wrote video_id=109933 | split=train | frames=56 | time=13.49s
[598/5000] Wrote video_id=109934 | split=train | frames=41 | time=10.21s
[599/5000] Wrote video_id=109935 | split=train | frames=41 | time=10.22s
[600/5000] Wrote video_id=109936 | split=train | frames=35 | time=8.72s
[601/5000] Wrote video_id=109937 | split=train | frames=51 | time=9.86s
[602/5000] Wrote video_id=109939 | split=train | frames=46 | time=11.17s
[603/5000] Wrote video_id=109940 | split=train | frames=51 | time=9.40s
[604/5000] Wrote video_id=109941 | split=train | frames=63 | time=14.94s
[605/5000] Wrote video_id=109943 | split=train | frames=44 | time=7.99s
[606/5000] Wrote video_id=109944 | split=train | frames=64 | time=12.85s
[607/5000] Wrote video_id=109946 | split=train | frames=27 | time=5.14s
[608/5000] Wrote video_id=109947 | split=train | frames=46 | time=10.27s
[609/5000] Wrote video_id=109951 | split=train | frames=46 | time=10.15s
[610/5000] Wrote video_id=109952 | split=train | frames=29 | time=5.20s
[611/5000] Wrote video_id=109953 | split=train | frames=32 | time=7.83s
[612/5000] Wrote video_id=109954 | split=train | frames=19 | time=4.71s
[613/5000] Wrote video_id=109955 | split=train | frames=33 | time=8.23s
[614/5000] Wrote video_id=109956 | split=train | frames=58 | time=12.77s
[615/5000] Wrote video_id=109957 | split=train | frames=46 | time=11.47s
[616/5000] Wrote video_id=109958 | split=train | frames=45 | time=9.16s
[617/5000] Wrote video_id=109960 | split=train | frames=35 | time=7.60s
[618/5000] Wrote video_id=109961 | split=train | frames=43 | time=8.84s
[619/5000] Wrote video_id=109962 | split=train | frames=58 | time=14.44s
[620/5000] Wrote video_id=109963 | split=train | frames=49 | time=10.63s
[621/5000] Wrote video_id=109965 | split=train | frames=48 | time=10.97s
[622/5000] Wrote video_id=109966 | split=train | frames=29 | time=6.97s
