[step 21300/30001] elapsed=5:00:00 | avg_step=0.845s | recent_step=0.854s | ETA_avg=2:02:33 | ETA_recent=2:03:48 | finish_avg=2026-05-14 12:11:11 | finish_recent=2026-05-14 12:12:26 | loss=0.005985 | unique=8.0
[step 21400/30001] elapsed=5:01:25 | avg_step=0.845s | recent_step=0.847s | ETA_avg=2:01:08 | ETA_recent=2:01:24 | finish_avg=2026-05-14 12:11:11 | finish_recent=2026-05-14 12:11:26 | loss=0.005513 | unique=8.0
[step 21500/30001] elapsed=5:02:50 | avg_step=0.845s | recent_step=0.851s | ETA_avg=1:59:44 | ETA_recent=2:00:37 | finish_avg=2026-05-14 12:11:12 | finish_recent=2026-05-14 12:12:04 | loss=0.004355 | unique=8.0
21500: saving to results-sthv2-libero90-a6000-500
[step 21600/30001] elapsed=5:04:17 | avg_step=0.845s | recent_step=0.864s | ETA_avg=1:58:20 | ETA_recent=2:01:02 | finish_avg=2026-05-14 12:11:14 | finish_recent=2026-05-14 12:13:56 | loss=0.004782 | unique=6.0
[step 21700/30001] elapsed=5:05:43 | avg_step=0.845s | recent_step=0.867s | ETA_avg=1:56:57 | ETA_recent=1:59:58 | finish_avg=2026-05-14 12:11:17 | finish_recent=2026-05-14 12:14:18 | loss=0.006403 | unique=8.0
[step 21800/30001] elapsed=5:07:09 | avg_step=0.845s | recent_step=0.854s | ETA_avg=1:55:32 | ETA_recent=1:56:43 | finish_avg=2026-05-14 12:11:19 | finish_recent=2026-05-14 12:12:29 | loss=0.005006 | unique=8.0
[step 21900/30001] elapsed=5:08:34 | avg_step=0.845s | recent_step=0.847s | ETA_avg=1:54:08 | ETA_recent=1:54:24 | finish_avg=2026-05-14 12:11:19 | finish_recent=2026-05-14 12:11:35 | loss=0.005380 | unique=8.0
[step 22000/30001] elapsed=5:09:59 | avg_step=0.845s | recent_step=0.851s | ETA_avg=1:52:44 | ETA_recent=1:53:29 | finish_avg=2026-05-14 12:11:20 | finish_recent=2026-05-14 12:12:05 | loss=0.005876 | unique=8.0
22000: saving to results-sthv2-libero90-a6000-500
[step 22100/30001] elapsed=5:11:26 | avg_step=0.846s | recent_step=0.872s | ETA_avg=1:51:20 | ETA_recent=1:54:49 | finish_avg=2026-05-14 12:11:23 | finish_recent=2026-05-14 12:14:52 | loss=0.005012 | unique=8.0
[step 22200/30001] elapsed=5:12:52 | avg_step=0.846s | recent_step=0.862s | ETA_avg=1:49:56 | ETA_recent=1:52:02 | finish_avg=2026-05-14 12:11:26 | finish_recent=2026-05-14 12:13:31 | loss=0.004448 | unique=8.0
[step 22300/30001] elapsed=5:14:17 | avg_step=0.846s | recent_step=0.851s | ETA_avg=1:48:32 | ETA_recent=1:49:17 | finish_avg=2026-05-14 12:11:26 | finish_recent=2026-05-14 12:12:11 | loss=0.005907 | unique=8.0
[step 22400/30001] elapsed=5:15:43 | avg_step=0.846s | recent_step=0.859s | ETA_avg=1:47:08 | ETA_recent=1:48:46 | finish_avg=2026-05-14 12:11:28 | finish_recent=2026-05-14 12:13:06 | loss=0.004497 | unique=8.0
[step 22500/30001] elapsed=5:17:08 | avg_step=0.846s | recent_step=0.852s | ETA_avg=1:45:43 | ETA_recent=1:46:30 | finish_avg=2026-05-14 12:11:29 | finish_recent=2026-05-14 12:12:15 | loss=0.005248 | unique=8.0
22500: saving to results-sthv2-libero90-a6000-500
[step 22600/30001] elapsed=5:18:35 | avg_step=0.846s | recent_step=0.871s | ETA_avg=1:44:20 | ETA_recent=1:47:26 | finish_avg=2026-05-14 12:11:32 | finish_recent=2026-05-14 12:14:39 | loss=0.006076 | unique=8.0
[step 22700/30001] elapsed=5:20:01 | avg_step=0.846s | recent_step=0.859s | ETA_avg=1:42:55 | ETA_recent=1:44:28 | finish_avg=2026-05-14 12:11:34 | finish_recent=2026-05-14 12:13:06 | loss=0.006791 | unique=8.0
[step 22800/30001] elapsed=5:21:26 | avg_step=0.846s | recent_step=0.852s | ETA_avg=1:41:31 | ETA_recent=1:42:13 | finish_avg=2026-05-14 12:11:35 | finish_recent=2026-05-14 12:12:17 | loss=0.004411 | unique=8.0
[step 22900/30001] elapsed=5:22:52 | avg_step=0.846s | recent_step=0.853s | ETA_avg=1:40:07 | ETA_recent=1:40:56 | finish_avg=2026-05-14 12:11:36 | finish_recent=2026-05-14 12:12:25 | loss=0.004703 | unique=8.0
[step 23000/30001] elapsed=5:24:17 | avg_step=0.846s | recent_step=0.855s | ETA_avg=1:38:42 | ETA_recent=1:39:42 | finish_avg=2026-05-14 12:11:37 | finish_recent=2026-05-14 12:12:37 | loss=0.004874 | unique=8.0
23000: saving to results-sthv2-libero90-a6000-500
[step 23100/30001] elapsed=5:25:44 | avg_step=0.846s | recent_step=0.869s | ETA_avg=1:37:18 | ETA_recent=1:39:57 | finish_avg=2026-05-14 12:11:40 | finish_recent=2026-05-14 12:14:19 | loss=0.004860 | unique=8.0
[step 23200/30001] elapsed=5:27:10 | avg_step=0.846s | recent_step=0.857s | ETA_avg=1:35:54 | ETA_recent=1:37:11 | finish_avg=2026-05-14 12:11:41 | finish_recent=2026-05-14 12:12:58 | loss=0.004754 | unique=8.0
[step 23300/30001] elapsed=5:28:36 | avg_step=0.846s | recent_step=0.860s | ETA_avg=1:34:30 | ETA_recent=1:36:05 | finish_avg=2026-05-14 12:11:43 | finish_recent=2026-05-14 12:13:18 | loss=0.004984 | unique=8.0
[step 23400/30001] elapsed=5:30:01 | avg_step=0.846s | recent_step=0.854s | ETA_avg=1:33:05 | ETA_recent=1:33:55 | finish_avg=2026-05-14 12:11:44 | finish_recent=2026-05-14 12:12:33 | loss=0.005884 | unique=8.0
[step 23500/30001] elapsed=5:31:26 | avg_step=0.846s | recent_step=0.847s | ETA_avg=1:31:41 | ETA_recent=1:31:49 | finish_avg=2026-05-14 12:11:44 | finish_recent=2026-05-14 12:11:52 | loss=0.003655 | unique=8.0
23500: saving to results-sthv2-libero90-a6000-500
[step 23600/30001] elapsed=5:32:53 | avg_step=0.846s | recent_step=0.867s | ETA_avg=1:30:17 | ETA_recent=1:32:28 | finish_avg=2026-05-14 12:11:47 | finish_recent=2026-05-14 12:13:58 | loss=0.004382 | unique=8.0
[step 23700/30001] elapsed=5:34:18 | avg_step=0.846s | recent_step=0.850s | ETA_avg=1:28:52 | ETA_recent=1:29:17 | finish_avg=2026-05-14 12:11:47 | finish_recent=2026-05-14 12:12:12 | loss=0.006523 | unique=8.0
[step 23800/30001] elapsed=5:35:42 | avg_step=0.846s | recent_step=0.841s | ETA_avg=1:27:27 | ETA_recent=1:26:56 | finish_avg=2026-05-14 12:11:47 | finish_recent=2026-05-14 12:11:15 | loss=0.006272 | unique=8.0
[step 23900/30001] elapsed=5:37:05 | avg_step=0.846s | recent_step=0.833s | ETA_avg=1:26:03 | ETA_recent=1:24:42 | finish_avg=2026-05-14 12:11:45 | finish_recent=2026-05-14 12:10:24 | loss=0.004524 | unique=8.0
[step 24000/30001] elapsed=5:38:28 | avg_step=0.846s | recent_step=0.833s | ETA_avg=1:24:38 | ETA_recent=1:23:18 | finish_avg=2026-05-14 12:11:43 | finish_recent=2026-05-14 12:10:24 | loss=0.004606 | unique=8.0
24000: saving to results-sthv2-libero90-a6000-500
[step 24100/30001] elapsed=5:39:54 | avg_step=0.846s | recent_step=0.854s | ETA_avg=1:23:13 | ETA_recent=1:23:56 | finish_avg=2026-05-14 12:11:44 | finish_recent=2026-05-14 12:12:27 | loss=0.005154 | unique=8.0
[step 24200/30001] elapsed=5:41:17 | avg_step=0.846s | recent_step=0.836s | ETA_avg=1:21:48 | ETA_recent=1:20:46 | finish_avg=2026-05-14 12:11:43 | finish_recent=2026-05-14 12:10:41 | loss=0.004371 | unique=8.0
[step 24300/30001] elapsed=5:42:40 | avg_step=0.846s | recent_step=0.828s | ETA_avg=1:20:23 | ETA_recent=1:18:41 | finish_avg=2026-05-14 12:11:41 | finish_recent=2026-05-14 12:09:58 | loss=0.003205 | unique=7.0
[step 24400/30001] elapsed=5:44:05 | avg_step=0.846s | recent_step=0.848s | ETA_avg=1:18:59 | ETA_recent=1:19:10 | finish_avg=2026-05-14 12:11:41 | finish_recent=2026-05-14 12:11:52 | loss=0.005646 | unique=8.0
[step 24500/30001] elapsed=5:45:29 | avg_step=0.846s | recent_step=0.836s | ETA_avg=1:17:34 | ETA_recent=1:16:40 | finish_avg=2026-05-14 12:11:40 | finish_recent=2026-05-14 12:10:46 | loss=0.004475 | unique=8.0
24500: saving to results-sthv2-libero90-a6000-500
[step 24600/30001] elapsed=5:46:54 | avg_step=0.846s | recent_step=0.857s | ETA_avg=1:16:09 | ETA_recent=1:17:10 | finish_avg=2026-05-14 12:11:41 | finish_recent=2026-05-14 12:12:42 | loss=0.004750 | unique=8.0
[step 24700/30001] elapsed=5:48:18 | avg_step=0.846s | recent_step=0.838s | ETA_avg=1:14:45 | ETA_recent=1:14:02 | finish_avg=2026-05-14 12:11:40 | finish_recent=2026-05-14 12:10:58 | loss=0.004727 | unique=8.0
[step 24800/30001] elapsed=5:49:41 | avg_step=0.846s | recent_step=0.834s | ETA_avg=1:13:20 | ETA_recent=1:12:18 | finish_avg=2026-05-14 12:11:39 | finish_recent=2026-05-14 12:10:37 | loss=0.004827 | unique=8.0
[step 24900/30001] elapsed=5:51:05 | avg_step=0.846s | recent_step=0.840s | ETA_avg=1:11:55 | ETA_recent=1:11:24 | finish_avg=2026-05-14 12:11:38 | finish_recent=2026-05-14 12:11:06 | loss=0.004695 | unique=8.0
[step 25000/30001] elapsed=5:52:29 | avg_step=0.846s | recent_step=0.835s | ETA_avg=1:10:30 | ETA_recent=1:09:35 | finish_avg=2026-05-14 12:11:37 | finish_recent=2026-05-14 12:10:42 | loss=0.003970 | unique=8.0
25000: saving to results-sthv2-libero90-a6000-500
25000: saving model to results-sthv2-libero90-a6000-500
[step 25100/30001] elapsed=5:53:55 | avg_step=0.846s | recent_step=0.862s | ETA_avg=1:09:06 | ETA_recent=1:10:22 | finish_avg=2026-05-14 12:11:38 | finish_recent=2026-05-14 12:12:55 | loss=0.005847 | unique=8.0
[step 25200/30001] elapsed=5:55:19 | avg_step=0.846s | recent_step=0.836s | ETA_avg=1:07:41 | ETA_recent=1:06:51 | finish_avg=2026-05-14 12:11:37 | finish_recent=2026-05-14 12:10:47 | loss=0.005013 | unique=8.0
[step 25300/30001] elapsed=5:56:42 | avg_step=0.846s | recent_step=0.834s | ETA_avg=1:06:16 | ETA_recent=1:05:19 | finish_avg=2026-05-14 12:11:36 | finish_recent=2026-05-14 12:10:39 | loss=0.004583 | unique=8.0
[step 25400/30001] elapsed=5:58:06 | avg_step=0.846s | recent_step=0.841s | ETA_avg=1:04:52 | ETA_recent=1:04:28 | finish_avg=2026-05-14 12:11:35 | finish_recent=2026-05-14 12:11:11 | loss=0.005109 | unique=8.0
[step 25500/30001] elapsed=5:59:30 | avg_step=0.846s | recent_step=0.834s | ETA_avg=1:03:27 | ETA_recent=1:02:32 | finish_avg=2026-05-14 12:11:34 | finish_recent=2026-05-14 12:10:39 | loss=0.004729 | unique=8.0
25500: saving to results-sthv2-libero90-a6000-500
[step 25600/30001] elapsed=6:00:55 | avg_step=0.846s | recent_step=0.854s | ETA_avg=1:02:02 | ETA_recent=1:02:37 | finish_avg=2026-05-14 12:11:35 | finish_recent=2026-05-14 12:12:09 | loss=0.005458 | unique=8.0
[step 25700/30001] elapsed=6:02:19 | avg_step=0.846s | recent_step=0.836s | ETA_avg=1:00:38 | ETA_recent=0:59:56 | finish_avg=2026-05-14 12:11:34 | finish_recent=2026-05-14 12:10:52 | loss=0.004665 | unique=8.0
[step 25800/30001] elapsed=6:03:42 | avg_step=0.846s | recent_step=0.834s | ETA_avg=0:59:13 | ETA_recent=0:58:25 | finish_avg=2026-05-14 12:11:32 | finish_recent=2026-05-14 12:10:44 | loss=0.005147 | unique=8.0
[step 25900/30001] elapsed=6:05:05 | avg_step=0.846s | recent_step=0.834s | ETA_avg=0:57:48 | ETA_recent=0:57:00 | finish_avg=2026-05-14 12:11:31 | finish_recent=2026-05-14 12:10:43 | loss=0.006052 | unique=8.0
[step 26000/30001] elapsed=6:06:29 | avg_step=0.846s | recent_step=0.838s | ETA_avg=0:56:23 | ETA_recent=0:55:54 | finish_avg=2026-05-14 12:11:30 | finish_recent=2026-05-14 12:11:01 | loss=0.004376 | unique=8.0
26000: saving to results-sthv2-libero90-a6000-500
[step 26100/30001] elapsed=6:07:54 | avg_step=0.846s | recent_step=0.853s | ETA_avg=0:54:59 | ETA_recent=0:55:26 | finish_avg=2026-05-14 12:11:31 | finish_recent=2026-05-14 12:11:58 | loss=0.004500 | unique=8.0
[step 26200/30001] elapsed=6:09:18 | avg_step=0.846s | recent_step=0.835s | ETA_avg=0:53:34 | ETA_recent=0:52:53 | finish_avg=2026-05-14 12:11:30 | finish_recent=2026-05-14 12:10:48 | loss=0.005458 | unique=8.0
[step 26300/30001] elapsed=6:10:41 | avg_step=0.846s | recent_step=0.833s | ETA_avg=0:52:09 | ETA_recent=0:51:22 | finish_avg=2026-05-14 12:11:28 | finish_recent=2026-05-14 12:10:40 | loss=0.005304 | unique=8.0
[step 26400/30001] elapsed=6:12:05 | avg_step=0.846s | recent_step=0.834s | ETA_avg=0:50:45 | ETA_recent=0:50:03 | finish_avg=2026-05-14 12:11:27 | finish_recent=2026-05-14 12:10:45 | loss=0.005045 | unique=8.0
[step 26500/30001] elapsed=6:13:29 | avg_step=0.846s | recent_step=0.842s | ETA_avg=0:49:20 | ETA_recent=0:49:09 | finish_avg=2026-05-14 12:11:26 | finish_recent=2026-05-14 12:11:15 | loss=0.004585 | unique=8.0
26500: saving to results-sthv2-libero90-a6000-500
[step 26600/30001] elapsed=6:14:55 | avg_step=0.846s | recent_step=0.859s | ETA_avg=0:47:56 | ETA_recent=0:48:39 | finish_avg=2026-05-14 12:11:28 | finish_recent=2026-05-14 12:12:12 | loss=0.005264 | unique=8.0
[step 26700/30001] elapsed=6:16:18 | avg_step=0.846s | recent_step=0.836s | ETA_avg=0:46:31 | ETA_recent=0:45:58 | finish_avg=2026-05-14 12:11:27 | finish_recent=2026-05-14 12:10:54 | loss=0.005299 | unique=8.0
[step 26800/30001] elapsed=6:17:42 | avg_step=0.846s | recent_step=0.833s | ETA_avg=0:45:06 | ETA_recent=0:44:27 | finish_avg=2026-05-14 12:11:25 | finish_recent=2026-05-14 12:10:46 | loss=0.005314 | unique=8.0
[step 26900/30001] elapsed=6:19:05 | avg_step=0.846s | recent_step=0.834s | ETA_avg=0:43:42 | ETA_recent=0:43:04 | finish_avg=2026-05-14 12:11:24 | finish_recent=2026-05-14 12:10:47 | loss=0.005164 | unique=8.0
[step 27000/30001] elapsed=6:20:28 | avg_step=0.845s | recent_step=0.827s | ETA_avg=0:42:17 | ETA_recent=0:41:20 | finish_avg=2026-05-14 12:11:22 | finish_recent=2026-05-14 12:10:25 | loss=0.004742 | unique=7.0
27000: saving to results-sthv2-libero90-a6000-500
[step 27100/30001] elapsed=6:21:54 | avg_step=0.846s | recent_step=0.865s | ETA_avg=0:40:52 | ETA_recent=0:41:49 | finish_avg=2026-05-14 12:11:24 | finish_recent=2026-05-14 12:12:20 | loss=0.005162 | unique=8.0
[step 27200/30001] elapsed=6:23:18 | avg_step=0.846s | recent_step=0.836s | ETA_avg=0:39:28 | ETA_recent=0:39:01 | finish_avg=2026-05-14 12:11:23 | finish_recent=2026-05-14 12:10:57 | loss=0.005375 | unique=8.0
[step 27300/30001] elapsed=6:24:41 | avg_step=0.845s | recent_step=0.833s | ETA_avg=0:38:03 | ETA_recent=0:37:28 | finish_avg=2026-05-14 12:11:22 | finish_recent=2026-05-14 12:10:47 | loss=0.005278 | unique=8.0
[step 27400/30001] elapsed=6:26:04 | avg_step=0.845s | recent_step=0.833s | ETA_avg=0:36:38 | ETA_recent=0:36:06 | finish_avg=2026-05-14 12:11:20 | finish_recent=2026-05-14 12:10:48 | loss=0.004814 | unique=8.0
[step 27500/30001] elapsed=6:27:28 | avg_step=0.845s | recent_step=0.833s | ETA_avg=0:35:14 | ETA_recent=0:34:44 | finish_avg=2026-05-14 12:11:19 | finish_recent=2026-05-14 12:10:49 | loss=0.004004 | unique=8.0
27500: saving to results-sthv2-libero90-a6000-500
[step 27600/30001] elapsed=6:28:54 | avg_step=0.845s | recent_step=0.859s | ETA_avg=0:33:49 | ETA_recent=0:34:23 | finish_avg=2026-05-14 12:11:20 | finish_recent=2026-05-14 12:11:54 | loss=0.003683 | unique=8.0
[step 27700/30001] elapsed=6:30:17 | avg_step=0.845s | recent_step=0.838s | ETA_avg=0:32:25 | ETA_recent=0:32:07 | finish_avg=2026-05-14 12:11:20 | finish_recent=2026-05-14 12:11:02 | loss=0.003757 | unique=8.0
[step 27800/30001] elapsed=6:31:41 | avg_step=0.845s | recent_step=0.834s | ETA_avg=0:31:00 | ETA_recent=0:30:34 | finish_avg=2026-05-14 12:11:18 | finish_recent=2026-05-14 12:10:53 | loss=0.004445 | unique=8.0
[step 27900/30001] elapsed=6:33:04 | avg_step=0.845s | recent_step=0.833s | ETA_avg=0:29:36 | ETA_recent=0:29:10 | finish_avg=2026-05-14 12:11:17 | finish_recent=2026-05-14 12:10:51 | loss=0.004355 | unique=8.0
[step 28000/30001] elapsed=6:34:27 | avg_step=0.845s | recent_step=0.834s | ETA_avg=0:28:11 | ETA_recent=0:27:47 | finish_avg=2026-05-14 12:11:16 | finish_recent=2026-05-14 12:10:52 | loss=0.005016 | unique=8.0
28000: saving to results-sthv2-libero90-a6000-500
[step 28100/30001] elapsed=6:35:53 | avg_step=0.845s | recent_step=0.854s | ETA_avg=0:26:46 | ETA_recent=0:27:04 | finish_avg=2026-05-14 12:11:17 | finish_recent=2026-05-14 12:11:34 | loss=0.004571 | unique=8.0
[step 28200/30001] elapsed=6:37:16 | avg_step=0.845s | recent_step=0.835s | ETA_avg=0:25:22 | ETA_recent=0:25:04 | finish_avg=2026-05-14 12:11:16 | finish_recent=2026-05-14 12:10:57 | loss=0.004337 | unique=8.0
[step 28300/30001] elapsed=6:38:40 | avg_step=0.845s | recent_step=0.833s | ETA_avg=0:23:57 | ETA_recent=0:23:37 | finish_avg=2026-05-14 12:11:14 | finish_recent=2026-05-14 12:10:54 | loss=0.004203 | unique=8.0
[step 28400/30001] elapsed=6:40:03 | avg_step=0.845s | recent_step=0.833s | ETA_avg=0:22:33 | ETA_recent=0:22:13 | finish_avg=2026-05-14 12:11:13 | finish_recent=2026-05-14 12:10:53 | loss=0.004931 | unique=8.0
[step 28500/30001] elapsed=6:41:26 | avg_step=0.845s | recent_step=0.833s | ETA_avg=0:21:08 | ETA_recent=0:20:50 | finish_avg=2026-05-14 12:11:12 | finish_recent=2026-05-14 12:10:54 | loss=0.004997 | unique=8.0
28500: saving to results-sthv2-libero90-a6000-500
[step 28600/30001] elapsed=6:42:51 | avg_step=0.845s | recent_step=0.851s | ETA_avg=0:19:44 | ETA_recent=0:19:52 | finish_avg=2026-05-14 12:11:12 | finish_recent=2026-05-14 12:11:21 | loss=0.004524 | unique=8.0
[step 28700/30001] elapsed=6:44:15 | avg_step=0.845s | recent_step=0.839s | ETA_avg=0:18:19 | ETA_recent=0:18:11 | finish_avg=2026-05-14 12:11:12 | finish_recent=2026-05-14 12:11:03 | loss=0.004074 | unique=8.0
[step 28800/30001] elapsed=6:45:39 | avg_step=0.845s | recent_step=0.833s | ETA_avg=0:16:54 | ETA_recent=0:16:40 | finish_avg=2026-05-14 12:11:10 | finish_recent=2026-05-14 12:10:56 | loss=0.005684 | unique=8.0
[step 28900/30001] elapsed=6:47:02 | avg_step=0.845s | recent_step=0.832s | ETA_avg=0:15:30 | ETA_recent=0:15:16 | finish_avg=2026-05-14 12:11:09 | finish_recent=2026-05-14 12:10:55 | loss=0.005271 | unique=8.0
[step 29000/30001] elapsed=6:48:25 | avg_step=0.845s | recent_step=0.833s | ETA_avg=0:14:05 | ETA_recent=0:13:54 | finish_avg=2026-05-14 12:11:08 | finish_recent=2026-05-14 12:10:56 | loss=0.004723 | unique=8.0
29000: saving to results-sthv2-libero90-a6000-500
[step 29100/30001] elapsed=6:49:50 | avg_step=0.845s | recent_step=0.851s | ETA_avg=0:12:41 | ETA_recent=0:12:47 | finish_avg=2026-05-14 12:11:09 | finish_recent=2026-05-14 12:11:14 | loss=0.004456 | unique=8.0
[step 29200/30001] elapsed=6:51:14 | avg_step=0.845s | recent_step=0.840s | ETA_avg=0:11:16 | ETA_recent=0:11:13 | finish_avg=2026-05-14 12:11:08 | finish_recent=2026-05-14 12:11:04 | loss=0.004099 | unique=8.0
[step 29300/30001] elapsed=6:52:38 | avg_step=0.845s | recent_step=0.835s | ETA_avg=0:09:52 | ETA_recent=0:09:45 | finish_avg=2026-05-14 12:11:07 | finish_recent=2026-05-14 12:11:00 | loss=0.005672 | unique=8.0
[step 29400/30001] elapsed=6:54:01 | avg_step=0.845s | recent_step=0.833s | ETA_avg=0:08:27 | ETA_recent=0:08:20 | finish_avg=2026-05-14 12:11:06 | finish_recent=2026-05-14 12:10:59 | loss=0.005207 | unique=8.0
[step 29500/30001] elapsed=6:55:24 | avg_step=0.845s | recent_step=0.832s | ETA_avg=0:07:03 | ETA_recent=0:06:57 | finish_avg=2026-05-14 12:11:05 | finish_recent=2026-05-14 12:10:58 | loss=0.005100 | unique=8.0
29500: saving to results-sthv2-libero90-a6000-500
[step 29600/30001] elapsed=6:56:49 | avg_step=0.845s | recent_step=0.851s | ETA_avg=0:05:38 | ETA_recent=0:05:41 | finish_avg=2026-05-14 12:11:05 | finish_recent=2026-05-14 12:11:07 | loss=0.004068 | unique=8.0
[step 29700/30001] elapsed=6:58:12 | avg_step=0.845s | recent_step=0.826s | ETA_avg=0:04:14 | ETA_recent=0:04:08 | finish_avg=2026-05-14 12:11:03 | finish_recent=2026-05-14 12:10:58 | loss=0.007121 | unique=5.0
[step 29800/30001] elapsed=6:59:37 | avg_step=0.845s | recent_step=0.848s | ETA_avg=0:02:49 | ETA_recent=0:02:50 | finish_avg=2026-05-14 12:11:04 | finish_recent=2026-05-14 12:11:04 | loss=0.005007 | unique=8.0
[step 29900/30001] elapsed=7:01:00 | avg_step=0.845s | recent_step=0.834s | ETA_avg=0:01:25 | ETA_recent=0:01:24 | finish_avg=2026-05-14 12:11:02 | finish_recent=2026-05-14 12:11:01 | loss=0.004418 | unique=8.0
[step 30000/30001] elapsed=7:02:23 | avg_step=0.845s | recent_step=0.832s | ETA_avg=0:00:00 | ETA_recent=0:00:00 | finish_avg=2026-05-14 12:11:01 | finish_recent=2026-05-14 12:11:01 | loss=0.004529 | unique=8.0
30000: saving to results-sthv2-libero90-a6000-500
30000: saving model to results-sthv2-libero90-a6000-500
================================================================================
training complete
Finished at: 2026-05-14 12:11:04
Total elapsed time: 7:02:27
================================================================================
wandb: 
wandb: Run history:
wandb:                     loss ██▆▆▄▃▃▃▂▂▂▂▂▂▂▂▂▂▂▂▂▁▁▂▁▁▁▁▁▁▁▁▁▁▁▁▁▁▁▁
wandb:       num_unique_indices ▁▂▆▃▅▇▇█████████████████████████████████
wandb:    time/avg_sec_per_step █▁▂▃▃▃▃▃▃▂▃▃▃▃▂▂▂▂▂▂▁▁▁▁▁▂▂▂▂▂▂▂▂▂▂▂▂▂▂▂
wandb:       time/elapsed_hours ▁▁▁▁▂▂▂▂▃▃▃▃▃▃▄▄▄▄▄▅▅▆▆▆▆▆▆▆▇▇▇▇▇▇▇█████
wandb:       time/eta_hours_avg ████▇▇▇▇▇▇▇▇▇▇▆▆▆▆▆▆▆▅▅▅▅▄▄▄▃▃▃▂▂▂▂▂▂▂▁▁
wandb:    time/eta_hours_recent ███▇▇▇▇▇▇▆▆▆▆▆▆▆▆▅▅▅▅▅▅▅▅▄▃▃▃▃▃▃▂▂▂▂▂▂▂▁
wandb: time/recent_sec_per_step ▁▄▇▅▄▅▃▅▃▆▅█▄▃▃▃▄▃▄▄▃▂▃▆▄▅▆▅█▅▇▆▃▃▃▃▂▃▅▂
wandb: 
wandb: Run summary:
wandb:                     loss 0.00511
wandb:       num_unique_indices 8
wandb:    time/avg_sec_per_step 0.8448
wandb:       time/elapsed_hours 7.03998
wandb:       time/eta_hours_avg 0.00023
wandb:    time/eta_hours_recent 0.00023
wandb: time/recent_sec_per_step 0.83206
wandb: 
wandb: 🚀 View run results-sthv2-libero90-a6000-500 at: https://wandb.ai/minhdo1000/phenaki_cnn/runs/pyvfnwot
wandb: ⭐️ View project at: https://wandb.ai/minhdo1000/phenaki_cnn
wandb: Synced 5 W&B file(s), 0 media file(s), 0 artifact file(s) and 0 other file(s)
wandb: Find logs at: ./wandb/run-20260514_050835-pyvfnwot/logs
root@ef5ceb372681:/workspace/lapa/lapa/laq# 